******************************************************************************
                  TI ARM Linker Unix v18.1.3                   
******************************************************************************
>> Linked Wed Dec 26 17:06:35 2018

OUTPUT FILE NAME:   <button int.out>
ENTRY POINT SYMBOL: "_c_int00_noargs"  address: 00000815


MEMORY CONFIGURATION

         name            origin    length      used     unused   attr    fill
----------------------  --------  ---------  --------  --------  ----  --------
  FLASH                 00000000   00040000  00000ce0  0003f320  R  X
  SRAM                  20000000   00008000  0000046c  00007b94  RW X


SEGMENT ALLOCATION MAP

run origin  load origin   length   init length attrs members
----------  ----------- ---------- ----------- ----- -------
00000000    00000000    00000ce4   00000ce4    r-x
  00000000    00000000    0000026c   0000026c    r-- .intvecs
  0000026c    0000026c    0000075c   0000075c    r-x .text
  000009c8    000009c8    00000304   00000304    r-- .const
  00000cd0    00000cd0    00000014   00000014    r-- .cinit
20000000    20000000    00000470   00000000    rw-
  20000000    20000000    0000026c   00000000    rw- .vtable
  20000270    20000270    00000200   00000000    rw- .stack


SECTION ALLOCATION MAP

 output                                  attributes/
section   page    origin      length       input sections
--------  ----  ----------  ----------   ----------------
.intvecs   0    00000000    0000026c     
                  00000000    0000026c     tm4c123gh6pm_startup_ccs.obj (.intvecs)

.text      0    0000026c    0000075c     
                  0000026c    00000154     main.obj (.text)
                  000003c0    00000132     driverlib.lib : gpio.obj (.text:GPIOPadConfigSet)
                  000004f2    00000002     --HOLE-- [fill = 0]
                  000004f4    00000110                   : sysctl.obj (.text:SysCtlClockGet)
                  00000604    00000068                   : interrupt.obj (.text:IntEnable)
                  0000066c    00000056                   : gpio.obj (.text:GPIOIntTypeSet)
                  000006c2    00000002     --HOLE-- [fill = 0]
                  000006c4    00000048                   : gpio.obj (.text:GPIOPinConfigure)
                  0000070c    00000046                   : uart.obj (.text:UARTConfigSetExpClk)
                  00000752    00000002     --HOLE-- [fill = 0]
                  00000754    00000044                   : gpio.obj (.text:_GPIOIntNumberGet)
                  00000798    00000044     rtsv7M4_T_le_v4SPD16_eabi.lib : autoinit.c.obj (.text:__TI_auto_init_nobinit_nopinit:__TI_auto_init_nobinit_nopinit)
                  000007dc    00000038     driverlib.lib : sysctl.obj (.text:SysCtlPeripheralReady)
                  00000814    00000038     rtsv7M4_T_le_v4SPD16_eabi.lib : boot_cortex_m.c.obj (.text:_c_int00_noargs:_c_int00_noargs)
                  0000084c    00000034     driverlib.lib : interrupt.obj (.text:IntRegister)
                  00000880    00000034                   : sysctl.obj (.text:SysCtlPeripheralEnable)
                  000008b4    0000002a                   : gpio.obj (.text:GPIODirModeSet)
                  000008de    00000002     --HOLE-- [fill = 0]
                  000008e0    00000020                   : uart.obj (.text:UARTDisable)
                  00000900    00000018                   : gpio.obj (.text:GPIOIntRegister)
                  00000918    00000018                   : gpio.obj (.text:GPIOPinTypeGPIOOutput)
                  00000930    00000014                   : uart.obj (.text:UARTEnable)
                  00000944    00000012                   : gpio.obj (.text:GPIOPinTypeGPIOInput)
                  00000956    00000012                   : gpio.obj (.text:GPIOPinTypeUART)
                  00000968    00000012     rtsv7M4_T_le_v4SPD16_eabi.lib : copy_zero_init.c.obj (.text:decompress:ZI:__TI_zero_init_nomemset:__TI_zero_init_nomemset)
                  0000097a    0000000e     driverlib.lib : gpio.obj (.text:GPIOIntDisable)
                  00000988    0000000c                   : gpio.obj (.text:GPIOIntEnable)
                  00000994    0000000c     tm4c123gh6pm_startup_ccs.obj (.text)
                  000009a0    0000000a     driverlib.lib : uart.obj (.text:UARTCharGet)
                  000009aa    0000000a                   : uart.obj (.text:UARTCharPut)
                  000009b4    00000006                   : gpio.obj (.text:GPIOIntClear)
                  000009ba    00000006                   : gpio.obj (.text:GPIOPinWrite)
                  000009c0    00000004     rtsv7M4_T_le_v4SPD16_eabi.lib : pre_init.c.obj (.text:_system_pre_init)
                  000009c4    00000004                                   : exit.c.obj (.text:abort:abort)

.const     0    000009c8    00000304     
                  000009c8    000000d8     driverlib.lib : gpio.obj (.const:g_ppui32GPIOIntMapSnowflake)
                  00000aa0    000000c0                   : gpio.obj (.const:g_ppui32GPIOIntMapBlizzard)
                  00000b60    00000090                   : gpio.obj (.const:g_pui32GPIOBaseAddrs)
                  00000bf0    00000070                   : interrupt.obj (.const)
                  00000c60    0000006c                   : sysctl.obj (.const:g_pui32Xtals)

.cinit     0    00000cd0    00000014     
                  00000cd0    00000008     (.cinit..vtable.load) [load image, compression = zero_init]
                  00000cd8    00000004     (__TI_handler_table)
                  00000cdc    00000008     (__TI_cinit_table)

.init_array 
*          0    00000000    00000000     UNINITIALIZED

.vtable    0    20000000    0000026c     UNINITIALIZED
                  20000000    0000026c     driverlib.lib : interrupt.obj (.vtable)

.stack     0    20000270    00000200     UNINITIALIZED
                  20000270    00000004     rtsv7M4_T_le_v4SPD16_eabi.lib : boot_cortex_m.c.obj (.stack)
                  20000274    000001fc     --HOLE--

MODULE SUMMARY

       Module                         code   ro data   rw data
       ------                         ----   -------   -------
    ./
       tm4c123gh6pm_startup_ccs.obj   12     620       0      
       main.obj                       340    0         0      
    +--+------------------------------+------+---------+---------+
       Total:                         352    620       0      
                                                              
    /home/mohamed/SW-TM4C-2.1.4.178/driverlib/ccs/Debug/driverlib.lib
       gpio.obj                       696    552       0      
       interrupt.obj                  156    112       620    
       sysctl.obj                     380    108       0      
       uart.obj                       142    0         0      
    +--+------------------------------+------+---------+---------+
       Total:                         1374   772       620    
                                                              
    /opt/ti/ccsv8/tools/compiler/ti-cgt-arm_18.1.3.LTS/lib/rtsv7M4_T_le_v4SPD16_eabi.lib
       autoinit.c.obj                 68     0         0      
       boot_cortex_m.c.obj            56     0         0      
       copy_zero_init.c.obj           18     0         0      
       exit.c.obj                     4      0         0      
       pre_init.c.obj                 4      0         0      
    +--+------------------------------+------+---------+---------+
       Total:                         150    0         0      
                                                              
       Stack:                         0      0         512    
       Linker Generated:              0      20        0      
    +--+------------------------------+------+---------+---------+
       Grand Total:                   1876   1412      1132   


LINKER GENERATED COPY TABLES

__TI_cinit_table @ 00000cdc records: 1, size/record: 8, table size: 8
	.vtable: load addr=00000cd0, load size=00000008 bytes, run addr=20000000, run size=0000026c bytes, compression=zero_init


LINKER GENERATED HANDLER TABLE

__TI_handler_table @ 00000cd8 records: 1, size/record: 4, table size: 4
	index: 0, handler: __TI_zero_init


GLOBAL SYMBOLS: SORTED ALPHABETICALLY BY Name 

address   name                          
-------   ----                          
000009c5  C$$EXIT                       
000008b5  GPIODirModeSet                
000009b5  GPIOIntClear                  
0000097b  GPIOIntDisable                
00000989  GPIOIntEnable                 
00000901  GPIOIntRegister               
0000066d  GPIOIntTypeSet                
000003c1  GPIOPadConfigSet              
000006c5  GPIOPinConfigure              
00000945  GPIOPinTypeGPIOInput          
00000919  GPIOPinTypeGPIOOutput         
00000957  GPIOPinTypeUART               
000009bb  GPIOPinWrite                  
00000605  IntEnable                     
0000084d  IntRegister                   
000002af  PortAIntHandler               
00000995  ResetISR                      
000004f5  SysCtlClockGet                
00000881  SysCtlPeripheralEnable        
000007dd  SysCtlPeripheralReady         
000009a1  UARTCharGet                   
000009ab  UARTCharPut                   
0000070d  UARTConfigSetExpClk           
000008e1  UARTDisable                   
00000931  UARTEnable                    
20000470  __STACK_END                   
00000200  __STACK_SIZE                  
20000470  __STACK_TOP                   
00000cdc  __TI_CINIT_Base               
00000ce4  __TI_CINIT_Limit              
00000cd8  __TI_Handler_Table_Base       
00000cdc  __TI_Handler_Table_Limit      
00000799  __TI_auto_init_nobinit_nopinit
ffffffff  __TI_pprof_out_hndl           
ffffffff  __TI_prof_data_size           
ffffffff  __TI_prof_data_start          
00000000  __TI_static_base__            
00000969  __TI_zero_init_nomemset       
ffffffff  __binit__                     
ffffffff  __c_args__                    
UNDEFED   __mpu_init                    
20000270  __stack                       
00000815  _c_int00_noargs               
UNDEFED   _system_post_cinit            
000009c1  _system_pre_init              
000009c5  abort                         
ffffffff  binit                         
000002d7  blink                         
0000026d  delay                         
20000000  g_pfnRAMVectors               
00000000  g_pfnVectors                  
000002f7  main                          


GLOBAL SYMBOLS: SORTED BY Symbol Address 

address   name                          
-------   ----                          
00000000  __TI_static_base__            
00000000  g_pfnVectors                  
00000200  __STACK_SIZE                  
0000026d  delay                         
000002af  PortAIntHandler               
000002d7  blink                         
000002f7  main                          
000003c1  GPIOPadConfigSet              
000004f5  SysCtlClockGet                
00000605  IntEnable                     
0000066d  GPIOIntTypeSet                
000006c5  GPIOPinConfigure              
0000070d  UARTConfigSetExpClk           
00000799  __TI_auto_init_nobinit_nopinit
000007dd  SysCtlPeripheralReady         
00000815  _c_int00_noargs               
0000084d  IntRegister                   
00000881  SysCtlPeripheralEnable        
000008b5  GPIODirModeSet                
000008e1  UARTDisable                   
00000901  GPIOIntRegister               
00000919  GPIOPinTypeGPIOOutput         
00000931  UARTEnable                    
00000945  GPIOPinTypeGPIOInput          
00000957  GPIOPinTypeUART               
00000969  __TI_zero_init_nomemset       
0000097b  GPIOIntDisable                
00000989  GPIOIntEnable                 
00000995  ResetISR                      
000009a1  UARTCharGet                   
000009ab  UARTCharPut                   
000009b5  GPIOIntClear                  
000009bb  GPIOPinWrite                  
000009c1  _system_pre_init              
000009c5  C$$EXIT                       
000009c5  abort                         
00000cd8  __TI_Handler_Table_Base       
00000cdc  __TI_CINIT_Base               
00000cdc  __TI_Handler_Table_Limit      
00000ce4  __TI_CINIT_Limit              
20000000  g_pfnRAMVectors               
20000270  __stack                       
20000470  __STACK_END                   
20000470  __STACK_TOP                   
ffffffff  __TI_pprof_out_hndl           
ffffffff  __TI_prof_data_size           
ffffffff  __TI_prof_data_start          
ffffffff  __binit__                     
ffffffff  __c_args__                    
ffffffff  binit                         
UNDEFED   __mpu_init                    
UNDEFED   _system_post_cinit            

[52 symbols]
