<?xml version="1.0" encoding="ISO-8859-1" ?>
<link_info>
   <banner>TI ARM Linker Unix v18.1.3.LTS</banner>
   <copyright>Copyright (c) 1996-2017 Texas Instruments Incorporated</copyright>
   <link_time>0x5c2398fb</link_time>
   <link_errors>0x0</link_errors>
   <output_file>button int.out</output_file>
   <entry_point>
      <name>_c_int00_noargs</name>
      <address>0x815</address>
   </entry_point>
   <input_file_list>
      <input_file id="fl-1">
         <path>./</path>
         <kind>object</kind>
         <file>main.obj</file>
         <name>main.obj</name>
      </input_file>
      <input_file id="fl-2">
         <path>./</path>
         <kind>object</kind>
         <file>tm4c123gh6pm_startup_ccs.obj</file>
         <name>tm4c123gh6pm_startup_ccs.obj</name>
      </input_file>
      <input_file id="fl-7">
         <kind>object</kind>
         <file>&lt;internal&gt;</file>
         <name>&lt;internal&gt;</name>
      </input_file>
      <input_file id="fl-bd">
         <path>/opt/ti/ccsv8/tools/compiler/ti-cgt-arm_18.1.3.LTS/lib/</path>
         <kind>archive</kind>
         <file>rtsv7M4_T_le_v4SPD16_eabi.lib</file>
         <name>copy_zero_init.c.obj</name>
      </input_file>
      <input_file id="fl-be">
         <path>/opt/ti/ccsv8/tools/compiler/ti-cgt-arm_18.1.3.LTS/lib/</path>
         <kind>archive</kind>
         <file>rtsv7M4_T_le_v4SPD16_eabi.lib</file>
         <name>copy_decompress_none.c.obj</name>
      </input_file>
      <input_file id="fl-bf">
         <path>/opt/ti/ccsv8/tools/compiler/ti-cgt-arm_18.1.3.LTS/lib/</path>
         <kind>archive</kind>
         <file>rtsv7M4_T_le_v4SPD16_eabi.lib</file>
         <name>copy_decompress_lzss.c.obj</name>
      </input_file>
      <input_file id="fl-c0">
         <path>/opt/ti/ccsv8/tools/compiler/ti-cgt-arm_18.1.3.LTS/lib/</path>
         <kind>archive</kind>
         <file>rtsv7M4_T_le_v4SPD16_eabi.lib</file>
         <name>boot_cortex_m.c.obj</name>
      </input_file>
      <input_file id="fl-c1">
         <path>/opt/ti/ccsv8/tools/compiler/ti-cgt-arm_18.1.3.LTS/lib/</path>
         <kind>archive</kind>
         <file>rtsv7M4_T_le_v4SPD16_eabi.lib</file>
         <name>memset_t2.asm.obj</name>
      </input_file>
      <input_file id="fl-c2">
         <path>/opt/ti/ccsv8/tools/compiler/ti-cgt-arm_18.1.3.LTS/lib/</path>
         <kind>archive</kind>
         <file>rtsv7M4_T_le_v4SPD16_eabi.lib</file>
         <name>memcpy_t2.asm.obj</name>
      </input_file>
      <input_file id="fl-c3">
         <path>/opt/ti/ccsv8/tools/compiler/ti-cgt-arm_18.1.3.LTS/lib/</path>
         <kind>archive</kind>
         <file>rtsv7M4_T_le_v4SPD16_eabi.lib</file>
         <name>autoinit.c.obj</name>
      </input_file>
      <input_file id="fl-c4">
         <path>/opt/ti/ccsv8/tools/compiler/ti-cgt-arm_18.1.3.LTS/lib/</path>
         <kind>archive</kind>
         <file>rtsv7M4_T_le_v4SPD16_eabi.lib</file>
         <name>pre_init.c.obj</name>
      </input_file>
      <input_file id="fl-c5">
         <path>/opt/ti/ccsv8/tools/compiler/ti-cgt-arm_18.1.3.LTS/lib/</path>
         <kind>archive</kind>
         <file>rtsv7M4_T_le_v4SPD16_eabi.lib</file>
         <name>cpy_tbl.c.obj</name>
      </input_file>
      <input_file id="fl-c6">
         <path>/opt/ti/ccsv8/tools/compiler/ti-cgt-arm_18.1.3.LTS/lib/</path>
         <kind>archive</kind>
         <file>rtsv7M4_T_le_v4SPD16_eabi.lib</file>
         <name>exit.c.obj</name>
      </input_file>
      <input_file id="fl-c7">
         <path>/opt/ti/ccsv8/tools/compiler/ti-cgt-arm_18.1.3.LTS/lib/</path>
         <kind>archive</kind>
         <file>rtsv7M4_T_le_v4SPD16_eabi.lib</file>
         <name>_lock.c.obj</name>
      </input_file>
      <input_file id="fl-c8">
         <path>/opt/ti/ccsv8/tools/compiler/ti-cgt-arm_18.1.3.LTS/lib/</path>
         <kind>archive</kind>
         <file>rtsv7M4_T_le_v4SPD16_eabi.lib</file>
         <name>args_main.c.obj</name>
      </input_file>
      <input_file id="fl-c9">
         <path>/home/mohamed/SW-TM4C-2.1.4.178/driverlib/ccs/Debug/</path>
         <kind>archive</kind>
         <file>driverlib.lib</file>
         <name>gpio.obj</name>
      </input_file>
      <input_file id="fl-ca">
         <path>/home/mohamed/SW-TM4C-2.1.4.178/driverlib/ccs/Debug/</path>
         <kind>archive</kind>
         <file>driverlib.lib</file>
         <name>interrupt.obj</name>
      </input_file>
      <input_file id="fl-cb">
         <path>/home/mohamed/SW-TM4C-2.1.4.178/driverlib/ccs/Debug/</path>
         <kind>archive</kind>
         <file>driverlib.lib</file>
         <name>sysctl.obj</name>
      </input_file>
      <input_file id="fl-cc">
         <path>/home/mohamed/SW-TM4C-2.1.4.178/driverlib/ccs/Debug/</path>
         <kind>archive</kind>
         <file>driverlib.lib</file>
         <name>uart.obj</name>
      </input_file>
      <input_file id="fl-cd">
         <path>/home/mohamed/SW-TM4C-2.1.4.178/driverlib/ccs/Debug/</path>
         <kind>archive</kind>
         <file>driverlib.lib</file>
         <name>cpu.obj</name>
      </input_file>
   </input_file_list>
   <object_component_list>
      <object_component id="oc-f">
         <name>.intvecs</name>
         <load_address>0x0</load_address>
         <run_address>0x0</run_address>
         <size>0x26c</size>
         <input_file_ref idref="fl-2"/>
      </object_component>
      <object_component id="oc-98">
         <name>.text</name>
         <load_address>0x26c</load_address>
         <run_address>0x26c</run_address>
         <size>0x154</size>
         <input_file_ref idref="fl-1"/>
      </object_component>
      <object_component id="oc-107">
         <name>.text:GPIOPadConfigSet</name>
         <load_address>0x3c0</load_address>
         <run_address>0x3c0</run_address>
         <size>0x132</size>
         <input_file_ref idref="fl-c9"/>
      </object_component>
      <object_component id="oc-ef">
         <name>.text:SysCtlClockGet</name>
         <load_address>0x4f4</load_address>
         <run_address>0x4f4</run_address>
         <size>0x110</size>
         <input_file_ref idref="fl-cb"/>
      </object_component>
      <object_component id="oc-1a2">
         <name>.text:IntEnable</name>
         <load_address>0x604</load_address>
         <run_address>0x604</run_address>
         <size>0x68</size>
         <input_file_ref idref="fl-ca"/>
      </object_component>
      <object_component id="oc-10d">
         <name>.text:GPIOIntTypeSet</name>
         <load_address>0x66c</load_address>
         <run_address>0x66c</run_address>
         <size>0x56</size>
         <input_file_ref idref="fl-c9"/>
      </object_component>
      <object_component id="oc-119">
         <name>.text:GPIOPinConfigure</name>
         <load_address>0x6c4</load_address>
         <run_address>0x6c4</run_address>
         <size>0x48</size>
         <input_file_ref idref="fl-c9"/>
      </object_component>
      <object_component id="oc-f5">
         <name>.text:UARTConfigSetExpClk</name>
         <load_address>0x70c</load_address>
         <run_address>0x70c</run_address>
         <size>0x46</size>
         <input_file_ref idref="fl-cc"/>
      </object_component>
      <object_component id="oc-196">
         <name>.text:_GPIOIntNumberGet</name>
         <load_address>0x754</load_address>
         <run_address>0x754</run_address>
         <size>0x44</size>
         <input_file_ref idref="fl-c9"/>
      </object_component>
      <object_component id="oc-138">
         <name>.text:__TI_auto_init_nobinit_nopinit:__TI_auto_init_nobinit_nopinit</name>
         <load_address>0x798</load_address>
         <run_address>0x798</run_address>
         <size>0x44</size>
         <input_file_ref idref="fl-c3"/>
      </object_component>
      <object_component id="oc-e9">
         <name>.text:SysCtlPeripheralReady</name>
         <load_address>0x7dc</load_address>
         <run_address>0x7dc</run_address>
         <size>0x38</size>
         <input_file_ref idref="fl-cb"/>
      </object_component>
      <object_component id="oc-56">
         <name>.text:_c_int00_noargs:_c_int00_noargs</name>
         <load_address>0x814</load_address>
         <run_address>0x814</run_address>
         <size>0x38</size>
         <input_file_ref idref="fl-c0"/>
      </object_component>
      <object_component id="oc-19c">
         <name>.text:IntRegister</name>
         <load_address>0x84c</load_address>
         <run_address>0x84c</run_address>
         <size>0x34</size>
         <input_file_ref idref="fl-ca"/>
      </object_component>
      <object_component id="oc-e3">
         <name>.text:SysCtlPeripheralEnable</name>
         <load_address>0x880</load_address>
         <run_address>0x880</run_address>
         <size>0x34</size>
         <input_file_ref idref="fl-cb"/>
      </object_component>
      <object_component id="oc-18c">
         <name>.text:GPIODirModeSet</name>
         <load_address>0x8b4</load_address>
         <run_address>0x8b4</run_address>
         <size>0x2a</size>
         <input_file_ref idref="fl-c9"/>
      </object_component>
      <object_component id="oc-17f">
         <name>.text:UARTDisable</name>
         <load_address>0x8e0</load_address>
         <run_address>0x8e0</run_address>
         <size>0x20</size>
         <input_file_ref idref="fl-cc"/>
      </object_component>
      <object_component id="oc-113">
         <name>.text:GPIOIntRegister</name>
         <load_address>0x900</load_address>
         <run_address>0x900</run_address>
         <size>0x18</size>
         <input_file_ref idref="fl-c9"/>
      </object_component>
      <object_component id="oc-101">
         <name>.text:GPIOPinTypeGPIOOutput</name>
         <load_address>0x918</load_address>
         <run_address>0x918</run_address>
         <size>0x18</size>
         <input_file_ref idref="fl-c9"/>
      </object_component>
      <object_component id="oc-185">
         <name>.text:UARTEnable</name>
         <load_address>0x930</load_address>
         <run_address>0x930</run_address>
         <size>0x14</size>
         <input_file_ref idref="fl-cc"/>
      </object_component>
      <object_component id="oc-fb">
         <name>.text:GPIOPinTypeGPIOInput</name>
         <load_address>0x944</load_address>
         <run_address>0x944</run_address>
         <size>0x12</size>
         <input_file_ref idref="fl-c9"/>
      </object_component>
      <object_component id="oc-11f">
         <name>.text:GPIOPinTypeUART</name>
         <load_address>0x956</load_address>
         <run_address>0x956</run_address>
         <size>0x12</size>
         <input_file_ref idref="fl-c9"/>
      </object_component>
      <object_component id="oc-44">
         <name>.text:decompress:ZI:__TI_zero_init_nomemset:__TI_zero_init_nomemset</name>
         <load_address>0x968</load_address>
         <run_address>0x968</run_address>
         <size>0x12</size>
         <input_file_ref idref="fl-bd"/>
      </object_component>
      <object_component id="oc-cb">
         <name>.text:GPIOIntDisable</name>
         <load_address>0x97a</load_address>
         <run_address>0x97a</run_address>
         <size>0xe</size>
         <input_file_ref idref="fl-c9"/>
      </object_component>
      <object_component id="oc-d7">
         <name>.text:GPIOIntEnable</name>
         <load_address>0x988</load_address>
         <run_address>0x988</run_address>
         <size>0xc</size>
         <input_file_ref idref="fl-c9"/>
      </object_component>
      <object_component id="oc-24">
         <name>.text</name>
         <load_address>0x994</load_address>
         <run_address>0x994</run_address>
         <size>0xc</size>
         <input_file_ref idref="fl-2"/>
      </object_component>
      <object_component id="oc-125">
         <name>.text:UARTCharGet</name>
         <load_address>0x9a0</load_address>
         <run_address>0x9a0</run_address>
         <size>0xa</size>
         <input_file_ref idref="fl-cc"/>
      </object_component>
      <object_component id="oc-d1">
         <name>.text:UARTCharPut</name>
         <load_address>0x9aa</load_address>
         <run_address>0x9aa</run_address>
         <size>0xa</size>
         <input_file_ref idref="fl-cc"/>
      </object_component>
      <object_component id="oc-c5">
         <name>.text:GPIOIntClear</name>
         <load_address>0x9b4</load_address>
         <run_address>0x9b4</run_address>
         <size>0x6</size>
         <input_file_ref idref="fl-c9"/>
      </object_component>
      <object_component id="oc-dd">
         <name>.text:GPIOPinWrite</name>
         <load_address>0x9ba</load_address>
         <run_address>0x9ba</run_address>
         <size>0x6</size>
         <input_file_ref idref="fl-c9"/>
      </object_component>
      <object_component id="oc-92">
         <name>.text:_system_pre_init</name>
         <load_address>0x9c0</load_address>
         <run_address>0x9c0</run_address>
         <size>0x4</size>
         <input_file_ref idref="fl-c4"/>
      </object_component>
      <object_component id="oc-12c">
         <name>.text:abort:abort</name>
         <load_address>0x9c4</load_address>
         <run_address>0x9c4</run_address>
         <size>0x4</size>
         <input_file_ref idref="fl-c6"/>
      </object_component>
      <object_component id="oc-1e2">
         <name>.const:g_ppui32GPIOIntMapSnowflake</name>
         <load_address>0x9c8</load_address>
         <run_address>0x9c8</run_address>
         <size>0xd8</size>
         <input_file_ref idref="fl-c9"/>
      </object_component>
      <object_component id="oc-1df">
         <name>.const:g_ppui32GPIOIntMapBlizzard</name>
         <load_address>0xaa0</load_address>
         <run_address>0xaa0</run_address>
         <size>0xc0</size>
         <input_file_ref idref="fl-c9"/>
      </object_component>
      <object_component id="oc-1a9">
         <name>.const:g_pui32GPIOBaseAddrs</name>
         <load_address>0xb60</load_address>
         <run_address>0xb60</run_address>
         <size>0x90</size>
         <input_file_ref idref="fl-c9"/>
      </object_component>
      <object_component id="oc-1eb">
         <name>.const</name>
         <load_address>0xbf0</load_address>
         <run_address>0xbf0</run_address>
         <size>0x70</size>
         <input_file_ref idref="fl-ca"/>
      </object_component>
      <object_component id="oc-17b">
         <name>.const:g_pui32Xtals</name>
         <load_address>0xc60</load_address>
         <run_address>0xc60</run_address>
         <size>0x6c</size>
         <input_file_ref idref="fl-cb"/>
      </object_component>
      <object_component id="oc-254">
         <name>.cinit..vtable.load</name>
         <load_address>0xcd0</load_address>
         <run_address>0xcd0</run_address>
         <size>0x8</size>
      </object_component>
      <object_component id="oc-252">
         <name>__TI_handler_table</name>
         <load_address>0xcd8</load_address>
         <run_address>0xcd8</run_address>
         <size>0x4</size>
      </object_component>
      <object_component id="oc-253">
         <name>__TI_cinit_table</name>
         <load_address>0xcdc</load_address>
         <run_address>0xcdc</run_address>
         <size>0x8</size>
      </object_component>
      <object_component id="oc-1e6">
         <name>.vtable</name>
         <uninitialized>true</uninitialized>
         <run_address>0x20000000</run_address>
         <size>0x26c</size>
         <input_file_ref idref="fl-ca"/>
      </object_component>
      <object_component id="oc-21">
         <name>.stack</name>
         <uninitialized>true</uninitialized>
         <run_address>0x20000270</run_address>
         <size>0x4</size>
         <input_file_ref idref="fl-c0"/>
      </object_component>
      <object_component id="oc-255">
         <name>.stack</name>
         <uninitialized>true</uninitialized>
         <run_address>0x20000270</run_address>
         <size>0x0</size>
      </object_component>
      <object_component id="oc-b4">
         <name>.debug_info</name>
         <load_address>0x0</load_address>
         <run_address>0x0</run_address>
         <size>0x618</size>
         <input_file_ref idref="fl-1"/>
      </object_component>
      <object_component id="oc-99">
         <name>.debug_info</name>
         <load_address>0x618</load_address>
         <run_address>0x618</run_address>
         <size>0x44f</size>
         <input_file_ref idref="fl-1"/>
      </object_component>
      <object_component id="oc-6d">
         <name>.debug_info</name>
         <load_address>0xa67</load_address>
         <run_address>0xa67</run_address>
         <size>0x26b</size>
         <input_file_ref idref="fl-1"/>
      </object_component>
      <object_component id="oc-af">
         <name>.debug_info</name>
         <load_address>0xcd2</load_address>
         <run_address>0xcd2</run_address>
         <size>0x8b</size>
         <input_file_ref idref="fl-1"/>
      </object_component>
      <object_component id="oc-aa">
         <name>.debug_info</name>
         <load_address>0xd5d</load_address>
         <run_address>0xd5d</run_address>
         <size>0x297</size>
         <input_file_ref idref="fl-1"/>
      </object_component>
      <object_component id="oc-72">
         <name>.debug_info</name>
         <load_address>0xff4</load_address>
         <run_address>0xff4</run_address>
         <size>0xbb</size>
         <input_file_ref idref="fl-1"/>
      </object_component>
      <object_component id="oc-2c">
         <name>.debug_info</name>
         <load_address>0x10af</load_address>
         <run_address>0x10af</run_address>
         <size>0x2a7</size>
         <input_file_ref idref="fl-2"/>
      </object_component>
      <object_component id="oc-10">
         <name>.debug_info</name>
         <load_address>0x1356</load_address>
         <run_address>0x1356</run_address>
         <size>0xe6</size>
         <input_file_ref idref="fl-2"/>
      </object_component>
      <object_component id="oc-25">
         <name>.debug_info</name>
         <load_address>0x143c</load_address>
         <run_address>0x143c</run_address>
         <size>0x262</size>
         <input_file_ref idref="fl-2"/>
      </object_component>
      <object_component id="oc-33">
         <name>.debug_info</name>
         <load_address>0x169e</load_address>
         <run_address>0x169e</run_address>
         <size>0x84</size>
         <input_file_ref idref="fl-2"/>
      </object_component>
      <object_component id="oc-8b">
         <name>.debug_info</name>
         <load_address>0x1722</load_address>
         <run_address>0x1722</run_address>
         <size>0x313</size>
         <input_file_ref idref="fl-bd"/>
      </object_component>
      <object_component id="oc-45">
         <name>.debug_info</name>
         <load_address>0x1a35</load_address>
         <run_address>0x1a35</run_address>
         <size>0x1b4</size>
         <input_file_ref idref="fl-bd"/>
      </object_component>
      <object_component id="oc-86">
         <name>.debug_info</name>
         <load_address>0x1be9</load_address>
         <run_address>0x1be9</run_address>
         <size>0x46</size>
         <input_file_ref idref="fl-bd"/>
      </object_component>
      <object_component id="oc-bc">
         <name>.debug_info</name>
         <load_address>0x1c2f</load_address>
         <run_address>0x1c2f</run_address>
         <size>0x2c</size>
         <input_file_ref idref="fl-bd"/>
      </object_component>
      <object_component id="oc-22">
         <name>.debug_info</name>
         <load_address>0x1c5b</load_address>
         <run_address>0x1c5b</run_address>
         <size>0x100</size>
         <input_file_ref idref="fl-c0"/>
      </object_component>
      <object_component id="oc-57">
         <name>.debug_info</name>
         <load_address>0x1d5b</load_address>
         <run_address>0x1d5b</run_address>
         <size>0x1a4</size>
         <input_file_ref idref="fl-c0"/>
      </object_component>
      <object_component id="oc-1ba">
         <name>.debug_info</name>
         <load_address>0x1eff</load_address>
         <run_address>0x1eff</run_address>
         <size>0x547</size>
         <input_file_ref idref="fl-c3"/>
      </object_component>
      <object_component id="oc-139">
         <name>.debug_info</name>
         <load_address>0x2446</load_address>
         <run_address>0x2446</run_address>
         <size>0x19b</size>
         <input_file_ref idref="fl-c3"/>
      </object_component>
      <object_component id="oc-201">
         <name>.debug_info</name>
         <load_address>0x25e1</load_address>
         <run_address>0x25e1</run_address>
         <size>0x39</size>
         <input_file_ref idref="fl-c3"/>
      </object_component>
      <object_component id="oc-21f">
         <name>.debug_info</name>
         <load_address>0x261a</load_address>
         <run_address>0x261a</run_address>
         <size>0x39</size>
         <input_file_ref idref="fl-c3"/>
      </object_component>
      <object_component id="oc-206">
         <name>.debug_info</name>
         <load_address>0x2653</load_address>
         <run_address>0x2653</run_address>
         <size>0x39</size>
         <input_file_ref idref="fl-c3"/>
      </object_component>
      <object_component id="oc-20b">
         <name>.debug_info</name>
         <load_address>0x268c</load_address>
         <run_address>0x268c</run_address>
         <size>0xcd</size>
         <input_file_ref idref="fl-c3"/>
      </object_component>
      <object_component id="oc-93">
         <name>.debug_info</name>
         <load_address>0x2759</load_address>
         <run_address>0x2759</run_address>
         <size>0x148</size>
         <input_file_ref idref="fl-c4"/>
      </object_component>
      <object_component id="oc-12d">
         <name>.debug_info</name>
         <load_address>0x28a1</load_address>
         <run_address>0x28a1</run_address>
         <size>0x117</size>
         <input_file_ref idref="fl-c6"/>
      </object_component>
      <object_component id="oc-172">
         <name>.debug_info</name>
         <load_address>0x29b8</load_address>
         <run_address>0x29b8</run_address>
         <size>0x240</size>
         <input_file_ref idref="fl-c9"/>
      </object_component>
      <object_component id="oc-1e0">
         <name>.debug_info</name>
         <load_address>0x2bf8</load_address>
         <run_address>0x2bf8</run_address>
         <size>0x167</size>
         <input_file_ref idref="fl-c9"/>
      </object_component>
      <object_component id="oc-1e3">
         <name>.debug_info</name>
         <load_address>0x2d5f</load_address>
         <run_address>0x2d5f</run_address>
         <size>0x169</size>
         <input_file_ref idref="fl-c9"/>
      </object_component>
      <object_component id="oc-1aa">
         <name>.debug_info</name>
         <load_address>0x2ec8</load_address>
         <run_address>0x2ec8</run_address>
         <size>0x15b</size>
         <input_file_ref idref="fl-c9"/>
      </object_component>
      <object_component id="oc-de">
         <name>.debug_info</name>
         <load_address>0x3023</load_address>
         <run_address>0x3023</run_address>
         <size>0x2a3</size>
         <input_file_ref idref="fl-c9"/>
      </object_component>
      <object_component id="oc-18d">
         <name>.debug_info</name>
         <load_address>0x32c6</load_address>
         <run_address>0x32c6</run_address>
         <size>0x2b3</size>
         <input_file_ref idref="fl-c9"/>
      </object_component>
      <object_component id="oc-108">
         <name>.debug_info</name>
         <load_address>0x3579</load_address>
         <run_address>0x3579</run_address>
         <size>0x316</size>
         <input_file_ref idref="fl-c9"/>
      </object_component>
      <object_component id="oc-120">
         <name>.debug_info</name>
         <load_address>0x388f</load_address>
         <run_address>0x388f</run_address>
         <size>0x27b</size>
         <input_file_ref idref="fl-c9"/>
      </object_component>
      <object_component id="oc-102">
         <name>.debug_info</name>
         <load_address>0x3b0a</load_address>
         <run_address>0x3b0a</run_address>
         <size>0x2b7</size>
         <input_file_ref idref="fl-c9"/>
      </object_component>
      <object_component id="oc-fc">
         <name>.debug_info</name>
         <load_address>0x3dc1</load_address>
         <run_address>0x3dc1</run_address>
         <size>0x285</size>
         <input_file_ref idref="fl-c9"/>
      </object_component>
      <object_component id="oc-11a">
         <name>.debug_info</name>
         <load_address>0x4046</load_address>
         <run_address>0x4046</run_address>
         <size>0x280</size>
         <input_file_ref idref="fl-c9"/>
      </object_component>
      <object_component id="oc-197">
         <name>.debug_info</name>
         <load_address>0x42c6</load_address>
         <run_address>0x42c6</run_address>
         <size>0x298</size>
         <input_file_ref idref="fl-c9"/>
      </object_component>
      <object_component id="oc-10e">
         <name>.debug_info</name>
         <load_address>0x455e</load_address>
         <run_address>0x455e</run_address>
         <size>0x2bb</size>
         <input_file_ref idref="fl-c9"/>
      </object_component>
      <object_component id="oc-114">
         <name>.debug_info</name>
         <load_address>0x4819</load_address>
         <run_address>0x4819</run_address>
         <size>0x2cf</size>
         <input_file_ref idref="fl-c9"/>
      </object_component>
      <object_component id="oc-d8">
         <name>.debug_info</name>
         <load_address>0x4ae8</load_address>
         <run_address>0x4ae8</run_address>
         <size>0x28f</size>
         <input_file_ref idref="fl-c9"/>
      </object_component>
      <object_component id="oc-cc">
         <name>.debug_info</name>
         <load_address>0x4d77</load_address>
         <run_address>0x4d77</run_address>
         <size>0x291</size>
         <input_file_ref idref="fl-c9"/>
      </object_component>
      <object_component id="oc-c6">
         <name>.debug_info</name>
         <load_address>0x5008</load_address>
         <run_address>0x5008</run_address>
         <size>0x28d</size>
         <input_file_ref idref="fl-c9"/>
      </object_component>
      <object_component id="oc-16d">
         <name>.debug_info</name>
         <load_address>0x5295</load_address>
         <run_address>0x5295</run_address>
         <size>0x18b</size>
         <input_file_ref idref="fl-c9"/>
      </object_component>
      <object_component id="oc-1ea">
         <name>.debug_info</name>
         <load_address>0x5420</load_address>
         <run_address>0x5420</run_address>
         <size>0x20e</size>
         <input_file_ref idref="fl-ca"/>
      </object_component>
      <object_component id="oc-1ec">
         <name>.debug_info</name>
         <load_address>0x562e</load_address>
         <run_address>0x562e</run_address>
         <size>0x210</size>
         <input_file_ref idref="fl-ca"/>
      </object_component>
      <object_component id="oc-1e7">
         <name>.debug_info</name>
         <load_address>0x583e</load_address>
         <run_address>0x583e</run_address>
         <size>0x157</size>
         <input_file_ref idref="fl-ca"/>
      </object_component>
      <object_component id="oc-19d">
         <name>.debug_info</name>
         <load_address>0x5995</load_address>
         <run_address>0x5995</run_address>
         <size>0x2c1</size>
         <input_file_ref idref="fl-ca"/>
      </object_component>
      <object_component id="oc-1a4">
         <name>.debug_info</name>
         <load_address>0x5c56</load_address>
         <run_address>0x5c56</run_address>
         <size>0x268</size>
         <input_file_ref idref="fl-ca"/>
      </object_component>
      <object_component id="oc-179">
         <name>.debug_info</name>
         <load_address>0x5ebe</load_address>
         <run_address>0x5ebe</run_address>
         <size>0x298</size>
         <input_file_ref idref="fl-cb"/>
      </object_component>
      <object_component id="oc-17c">
         <name>.debug_info</name>
         <load_address>0x6156</load_address>
         <run_address>0x6156</run_address>
         <size>0x14d</size>
         <input_file_ref idref="fl-cb"/>
      </object_component>
      <object_component id="oc-ea">
         <name>.debug_info</name>
         <load_address>0x62a3</load_address>
         <run_address>0x62a3</run_address>
         <size>0x27f</size>
         <input_file_ref idref="fl-cb"/>
      </object_component>
      <object_component id="oc-e4">
         <name>.debug_info</name>
         <load_address>0x6522</load_address>
         <run_address>0x6522</run_address>
         <size>0x27d</size>
         <input_file_ref idref="fl-cb"/>
      </object_component>
      <object_component id="oc-f0">
         <name>.debug_info</name>
         <load_address>0x679f</load_address>
         <run_address>0x679f</run_address>
         <size>0x2b5</size>
         <input_file_ref idref="fl-cb"/>
      </object_component>
      <object_component id="oc-1d5">
         <name>.debug_info</name>
         <load_address>0x6a54</load_address>
         <run_address>0x6a54</run_address>
         <size>0x5f</size>
         <input_file_ref idref="fl-cb"/>
      </object_component>
      <object_component id="oc-175">
         <name>.debug_info</name>
         <load_address>0x6ab3</load_address>
         <run_address>0x6ab3</run_address>
         <size>0x227</size>
         <input_file_ref idref="fl-cc"/>
      </object_component>
      <object_component id="oc-186">
         <name>.debug_info</name>
         <load_address>0x6cda</load_address>
         <run_address>0x6cda</run_address>
         <size>0x247</size>
         <input_file_ref idref="fl-cc"/>
      </object_component>
      <object_component id="oc-180">
         <name>.debug_info</name>
         <load_address>0x6f21</load_address>
         <run_address>0x6f21</run_address>
         <size>0x249</size>
         <input_file_ref idref="fl-cc"/>
      </object_component>
      <object_component id="oc-f6">
         <name>.debug_info</name>
         <load_address>0x716a</load_address>
         <run_address>0x716a</run_address>
         <size>0x326</size>
         <input_file_ref idref="fl-cc"/>
      </object_component>
      <object_component id="oc-d2">
         <name>.debug_info</name>
         <load_address>0x7490</load_address>
         <run_address>0x7490</run_address>
         <size>0x273</size>
         <input_file_ref idref="fl-cc"/>
      </object_component>
      <object_component id="oc-126">
         <name>.debug_info</name>
         <load_address>0x7703</load_address>
         <run_address>0x7703</run_address>
         <size>0x24d</size>
         <input_file_ref idref="fl-cc"/>
      </object_component>
      <object_component id="oc-256">
         <name>.debug_info</name>
         <load_address>0x7950</load_address>
         <run_address>0x7950</run_address>
         <size>0x9c</size>
      </object_component>
      <object_component id="oc-16b">
         <name>.debug_line</name>
         <load_address>0x0</load_address>
         <run_address>0x0</run_address>
         <size>0xcb</size>
         <input_file_ref idref="fl-1"/>
      </object_component>
      <object_component id="oc-9c">
         <name>.debug_line</name>
         <load_address>0xcb</load_address>
         <run_address>0xcb</run_address>
         <size>0xd7</size>
         <input_file_ref idref="fl-1"/>
      </object_component>
      <object_component id="oc-70">
         <name>.debug_line</name>
         <load_address>0x1a2</load_address>
         <run_address>0x1a2</run_address>
         <size>0x6b</size>
         <input_file_ref idref="fl-1"/>
      </object_component>
      <object_component id="oc-b2">
         <name>.debug_line</name>
         <load_address>0x20d</load_address>
         <run_address>0x20d</run_address>
         <size>0x20</size>
         <input_file_ref idref="fl-1"/>
      </object_component>
      <object_component id="oc-ad">
         <name>.debug_line</name>
         <load_address>0x22d</load_address>
         <run_address>0x22d</run_address>
         <size>0x6f</size>
         <input_file_ref idref="fl-1"/>
      </object_component>
      <object_component id="oc-75">
         <name>.debug_line</name>
         <load_address>0x29c</load_address>
         <run_address>0x29c</run_address>
         <size>0x6c</size>
         <input_file_ref idref="fl-1"/>
      </object_component>
      <object_component id="oc-6c">
         <name>.debug_line</name>
         <load_address>0x308</load_address>
         <run_address>0x308</run_address>
         <size>0x41</size>
         <input_file_ref idref="fl-2"/>
      </object_component>
      <object_component id="oc-2b">
         <name>.debug_line</name>
         <load_address>0x349</load_address>
         <run_address>0x349</run_address>
         <size>0x41</size>
         <input_file_ref idref="fl-2"/>
      </object_component>
      <object_component id="oc-28">
         <name>.debug_line</name>
         <load_address>0x38a</load_address>
         <run_address>0x38a</run_address>
         <size>0xa1</size>
         <input_file_ref idref="fl-2"/>
      </object_component>
      <object_component id="oc-36">
         <name>.debug_line</name>
         <load_address>0x42b</load_address>
         <run_address>0x42b</run_address>
         <size>0x20</size>
         <input_file_ref idref="fl-2"/>
      </object_component>
      <object_component id="oc-c2">
         <name>.debug_line</name>
         <load_address>0x44b</load_address>
         <run_address>0x44b</run_address>
         <size>0x9e</size>
         <input_file_ref idref="fl-bd"/>
      </object_component>
      <object_component id="oc-48">
         <name>.debug_line</name>
         <load_address>0x4e9</load_address>
         <run_address>0x4e9</run_address>
         <size>0x4f</size>
         <input_file_ref idref="fl-bd"/>
      </object_component>
      <object_component id="oc-89">
         <name>.debug_line</name>
         <load_address>0x538</load_address>
         <run_address>0x538</run_address>
         <size>0x34</size>
         <input_file_ref idref="fl-bd"/>
      </object_component>
      <object_component id="oc-bf">
         <name>.debug_line</name>
         <load_address>0x56c</load_address>
         <run_address>0x56c</run_address>
         <size>0x8a</size>
         <input_file_ref idref="fl-bd"/>
      </object_component>
      <object_component id="oc-69">
         <name>.debug_line</name>
         <load_address>0x5f6</load_address>
         <run_address>0x5f6</run_address>
         <size>0x33</size>
         <input_file_ref idref="fl-c0"/>
      </object_component>
      <object_component id="oc-5a">
         <name>.debug_line</name>
         <load_address>0x629</load_address>
         <run_address>0x629</run_address>
         <size>0x56</size>
         <input_file_ref idref="fl-c0"/>
      </object_component>
      <object_component id="oc-200">
         <name>.debug_line</name>
         <load_address>0x67f</load_address>
         <run_address>0x67f</run_address>
         <size>0xb7</size>
         <input_file_ref idref="fl-c3"/>
      </object_component>
      <object_component id="oc-13c">
         <name>.debug_line</name>
         <load_address>0x736</load_address>
         <run_address>0x736</run_address>
         <size>0x6c</size>
         <input_file_ref idref="fl-c3"/>
      </object_component>
      <object_component id="oc-204">
         <name>.debug_line</name>
         <load_address>0x7a2</load_address>
         <run_address>0x7a2</run_address>
         <size>0x2e</size>
         <input_file_ref idref="fl-c3"/>
      </object_component>
      <object_component id="oc-222">
         <name>.debug_line</name>
         <load_address>0x7d0</load_address>
         <run_address>0x7d0</run_address>
         <size>0x92</size>
         <input_file_ref idref="fl-c3"/>
      </object_component>
      <object_component id="oc-209">
         <name>.debug_line</name>
         <load_address>0x862</load_address>
         <run_address>0x862</run_address>
         <size>0x8f</size>
         <input_file_ref idref="fl-c3"/>
      </object_component>
      <object_component id="oc-20e">
         <name>.debug_line</name>
         <load_address>0x8f1</load_address>
         <run_address>0x8f1</run_address>
         <size>0x8b</size>
         <input_file_ref idref="fl-c3"/>
      </object_component>
      <object_component id="oc-96">
         <name>.debug_line</name>
         <load_address>0x97c</load_address>
         <run_address>0x97c</run_address>
         <size>0x40</size>
         <input_file_ref idref="fl-c4"/>
      </object_component>
      <object_component id="oc-130">
         <name>.debug_line</name>
         <load_address>0x9bc</load_address>
         <run_address>0x9bc</run_address>
         <size>0x3c</size>
         <input_file_ref idref="fl-c6"/>
      </object_component>
      <object_component id="oc-1d0">
         <name>.debug_line</name>
         <load_address>0x9f8</load_address>
         <run_address>0x9f8</run_address>
         <size>0x82</size>
         <input_file_ref idref="fl-c9"/>
      </object_component>
      <object_component id="oc-213">
         <name>.debug_line</name>
         <load_address>0xa7a</load_address>
         <run_address>0xa7a</run_address>
         <size>0x7d</size>
         <input_file_ref idref="fl-c9"/>
      </object_component>
      <object_component id="oc-215">
         <name>.debug_line</name>
         <load_address>0xaf7</load_address>
         <run_address>0xaf7</run_address>
         <size>0x7d</size>
         <input_file_ref idref="fl-c9"/>
      </object_component>
      <object_component id="oc-1f0">
         <name>.debug_line</name>
         <load_address>0xb74</load_address>
         <run_address>0xb74</run_address>
         <size>0x7d</size>
         <input_file_ref idref="fl-c9"/>
      </object_component>
      <object_component id="oc-e1">
         <name>.debug_line</name>
         <load_address>0xbf1</load_address>
         <run_address>0xbf1</run_address>
         <size>0x92</size>
         <input_file_ref idref="fl-c9"/>
      </object_component>
      <object_component id="oc-190">
         <name>.debug_line</name>
         <load_address>0xc83</load_address>
         <run_address>0xc83</run_address>
         <size>0x95</size>
         <input_file_ref idref="fl-c9"/>
      </object_component>
      <object_component id="oc-10b">
         <name>.debug_line</name>
         <load_address>0xd18</load_address>
         <run_address>0xd18</run_address>
         <size>0xd1</size>
         <input_file_ref idref="fl-c9"/>
      </object_component>
      <object_component id="oc-123">
         <name>.debug_line</name>
         <load_address>0xde9</load_address>
         <run_address>0xde9</run_address>
         <size>0x93</size>
         <input_file_ref idref="fl-c9"/>
      </object_component>
      <object_component id="oc-105">
         <name>.debug_line</name>
         <load_address>0xe7c</load_address>
         <run_address>0xe7c</run_address>
         <size>0x99</size>
         <input_file_ref idref="fl-c9"/>
      </object_component>
      <object_component id="oc-ff">
         <name>.debug_line</name>
         <load_address>0xf15</load_address>
         <run_address>0xf15</run_address>
         <size>0x93</size>
         <input_file_ref idref="fl-c9"/>
      </object_component>
      <object_component id="oc-11d">
         <name>.debug_line</name>
         <load_address>0xfa8</load_address>
         <run_address>0xfa8</run_address>
         <size>0xa7</size>
         <input_file_ref idref="fl-c9"/>
      </object_component>
      <object_component id="oc-19a">
         <name>.debug_line</name>
         <load_address>0x104f</load_address>
         <run_address>0x104f</run_address>
         <size>0xa6</size>
         <input_file_ref idref="fl-c9"/>
      </object_component>
      <object_component id="oc-111">
         <name>.debug_line</name>
         <load_address>0x10f5</load_address>
         <run_address>0x10f5</run_address>
         <size>0x99</size>
         <input_file_ref idref="fl-c9"/>
      </object_component>
      <object_component id="oc-117">
         <name>.debug_line</name>
         <load_address>0x118e</load_address>
         <run_address>0x118e</run_address>
         <size>0x99</size>
         <input_file_ref idref="fl-c9"/>
      </object_component>
      <object_component id="oc-db">
         <name>.debug_line</name>
         <load_address>0x1227</load_address>
         <run_address>0x1227</run_address>
         <size>0x92</size>
         <input_file_ref idref="fl-c9"/>
      </object_component>
      <object_component id="oc-cf">
         <name>.debug_line</name>
         <load_address>0x12b9</load_address>
         <run_address>0x12b9</run_address>
         <size>0x92</size>
         <input_file_ref idref="fl-c9"/>
      </object_component>
      <object_component id="oc-c9">
         <name>.debug_line</name>
         <load_address>0x134b</load_address>
         <run_address>0x134b</run_address>
         <size>0x92</size>
         <input_file_ref idref="fl-c9"/>
      </object_component>
      <object_component id="oc-170">
         <name>.debug_line</name>
         <load_address>0x13dd</load_address>
         <run_address>0x13dd</run_address>
         <size>0x69</size>
         <input_file_ref idref="fl-c9"/>
      </object_component>
      <object_component id="oc-219">
         <name>.debug_line</name>
         <load_address>0x1446</load_address>
         <run_address>0x1446</run_address>
         <size>0x7c</size>
         <input_file_ref idref="fl-ca"/>
      </object_component>
      <object_component id="oc-21b">
         <name>.debug_line</name>
         <load_address>0x14c2</load_address>
         <run_address>0x14c2</run_address>
         <size>0x82</size>
         <input_file_ref idref="fl-ca"/>
      </object_component>
      <object_component id="oc-217">
         <name>.debug_line</name>
         <load_address>0x1544</load_address>
         <run_address>0x1544</run_address>
         <size>0x82</size>
         <input_file_ref idref="fl-ca"/>
      </object_component>
      <object_component id="oc-1a0">
         <name>.debug_line</name>
         <load_address>0x15c6</load_address>
         <run_address>0x15c6</run_address>
         <size>0xaf</size>
         <input_file_ref idref="fl-ca"/>
      </object_component>
      <object_component id="oc-1a7">
         <name>.debug_line</name>
         <load_address>0x1675</load_address>
         <run_address>0x1675</run_address>
         <size>0xc2</size>
         <input_file_ref idref="fl-ca"/>
      </object_component>
      <object_component id="oc-1d4">
         <name>.debug_line</name>
         <load_address>0x1737</load_address>
         <run_address>0x1737</run_address>
         <size>0x13d</size>
         <input_file_ref idref="fl-cb"/>
      </object_component>
      <object_component id="oc-1db">
         <name>.debug_line</name>
         <load_address>0x1874</load_address>
         <run_address>0x1874</run_address>
         <size>0x7f</size>
         <input_file_ref idref="fl-cb"/>
      </object_component>
      <object_component id="oc-ed">
         <name>.debug_line</name>
         <load_address>0x18f3</load_address>
         <run_address>0x18f3</run_address>
         <size>0x94</size>
         <input_file_ref idref="fl-cb"/>
      </object_component>
      <object_component id="oc-e7">
         <name>.debug_line</name>
         <load_address>0x1987</load_address>
         <run_address>0x1987</run_address>
         <size>0x94</size>
         <input_file_ref idref="fl-cb"/>
      </object_component>
      <object_component id="oc-f3">
         <name>.debug_line</name>
         <load_address>0x1a1b</load_address>
         <run_address>0x1a1b</run_address>
         <size>0x11a</size>
         <input_file_ref idref="fl-cb"/>
      </object_component>
      <object_component id="oc-1d8">
         <name>.debug_line</name>
         <load_address>0x1b35</load_address>
         <run_address>0x1b35</run_address>
         <size>0x7f</size>
         <input_file_ref idref="fl-cb"/>
      </object_component>
      <object_component id="oc-1d2">
         <name>.debug_line</name>
         <load_address>0x1bb4</load_address>
         <run_address>0x1bb4</run_address>
         <size>0x82</size>
         <input_file_ref idref="fl-cc"/>
      </object_component>
      <object_component id="oc-189">
         <name>.debug_line</name>
         <load_address>0x1c36</load_address>
         <run_address>0x1c36</run_address>
         <size>0x93</size>
         <input_file_ref idref="fl-cc"/>
      </object_component>
      <object_component id="oc-183">
         <name>.debug_line</name>
         <load_address>0x1cc9</load_address>
         <run_address>0x1cc9</run_address>
         <size>0x96</size>
         <input_file_ref idref="fl-cc"/>
      </object_component>
      <object_component id="oc-f9">
         <name>.debug_line</name>
         <load_address>0x1d5f</load_address>
         <run_address>0x1d5f</run_address>
         <size>0xb3</size>
         <input_file_ref idref="fl-cc"/>
      </object_component>
      <object_component id="oc-d5">
         <name>.debug_line</name>
         <load_address>0x1e12</load_address>
         <run_address>0x1e12</run_address>
         <size>0x93</size>
         <input_file_ref idref="fl-cc"/>
      </object_component>
      <object_component id="oc-129">
         <name>.debug_line</name>
         <load_address>0x1ea5</load_address>
         <run_address>0x1ea5</run_address>
         <size>0x93</size>
         <input_file_ref idref="fl-cc"/>
      </object_component>
      <object_component id="oc-9d">
         <name>.debug_frame</name>
         <load_address>0x0</load_address>
         <run_address>0x0</run_address>
         <size>0xa4</size>
         <input_file_ref idref="fl-1"/>
      </object_component>
      <object_component id="oc-29">
         <name>.debug_frame</name>
         <load_address>0xa4</load_address>
         <run_address>0xa4</run_address>
         <size>0x90</size>
         <input_file_ref idref="fl-2"/>
      </object_component>
      <object_component id="oc-49">
         <name>.debug_frame</name>
         <load_address>0x134</load_address>
         <run_address>0x134</run_address>
         <size>0x54</size>
         <input_file_ref idref="fl-bd"/>
      </object_component>
      <object_component id="oc-5b">
         <name>.debug_frame</name>
         <load_address>0x188</load_address>
         <run_address>0x188</run_address>
         <size>0x58</size>
         <input_file_ref idref="fl-c0"/>
      </object_component>
      <object_component id="oc-13d">
         <name>.debug_frame</name>
         <load_address>0x1e0</load_address>
         <run_address>0x1e0</run_address>
         <size>0x5c</size>
         <input_file_ref idref="fl-c3"/>
      </object_component>
      <object_component id="oc-97">
         <name>.debug_frame</name>
         <load_address>0x23c</load_address>
         <run_address>0x23c</run_address>
         <size>0x54</size>
         <input_file_ref idref="fl-c4"/>
      </object_component>
      <object_component id="oc-131">
         <name>.debug_frame</name>
         <load_address>0x290</load_address>
         <run_address>0x290</run_address>
         <size>0x54</size>
         <input_file_ref idref="fl-c6"/>
      </object_component>
      <object_component id="oc-e2">
         <name>.debug_frame</name>
         <load_address>0x2e4</load_address>
         <run_address>0x2e4</run_address>
         <size>0x7f</size>
         <input_file_ref idref="fl-c9"/>
      </object_component>
      <object_component id="oc-191">
         <name>.debug_frame</name>
         <load_address>0x363</load_address>
         <run_address>0x363</run_address>
         <size>0x7f</size>
         <input_file_ref idref="fl-c9"/>
      </object_component>
      <object_component id="oc-10c">
         <name>.debug_frame</name>
         <load_address>0x3e2</load_address>
         <run_address>0x3e2</run_address>
         <size>0x8f</size>
         <input_file_ref idref="fl-c9"/>
      </object_component>
      <object_component id="oc-124">
         <name>.debug_frame</name>
         <load_address>0x471</load_address>
         <run_address>0x471</run_address>
         <size>0x86</size>
         <input_file_ref idref="fl-c9"/>
      </object_component>
      <object_component id="oc-106">
         <name>.debug_frame</name>
         <load_address>0x4f7</load_address>
         <run_address>0x4f7</run_address>
         <size>0x8a</size>
         <input_file_ref idref="fl-c9"/>
      </object_component>
      <object_component id="oc-100">
         <name>.debug_frame</name>
         <load_address>0x581</load_address>
         <run_address>0x581</run_address>
         <size>0x86</size>
         <input_file_ref idref="fl-c9"/>
      </object_component>
      <object_component id="oc-11e">
         <name>.debug_frame</name>
         <load_address>0x607</load_address>
         <run_address>0x607</run_address>
         <size>0x86</size>
         <input_file_ref idref="fl-c9"/>
      </object_component>
      <object_component id="oc-19b">
         <name>.debug_frame</name>
         <load_address>0x68d</load_address>
         <run_address>0x68d</run_address>
         <size>0x7f</size>
         <input_file_ref idref="fl-c9"/>
      </object_component>
      <object_component id="oc-112">
         <name>.debug_frame</name>
         <load_address>0x70c</load_address>
         <run_address>0x70c</run_address>
         <size>0x7f</size>
         <input_file_ref idref="fl-c9"/>
      </object_component>
      <object_component id="oc-118">
         <name>.debug_frame</name>
         <load_address>0x78b</load_address>
         <run_address>0x78b</run_address>
         <size>0x8a</size>
         <input_file_ref idref="fl-c9"/>
      </object_component>
      <object_component id="oc-dc">
         <name>.debug_frame</name>
         <load_address>0x815</load_address>
         <run_address>0x815</run_address>
         <size>0x7f</size>
         <input_file_ref idref="fl-c9"/>
      </object_component>
      <object_component id="oc-d0">
         <name>.debug_frame</name>
         <load_address>0x894</load_address>
         <run_address>0x894</run_address>
         <size>0x7f</size>
         <input_file_ref idref="fl-c9"/>
      </object_component>
      <object_component id="oc-ca">
         <name>.debug_frame</name>
         <load_address>0x913</load_address>
         <run_address>0x913</run_address>
         <size>0x7f</size>
         <input_file_ref idref="fl-c9"/>
      </object_component>
      <object_component id="oc-1a1">
         <name>.debug_frame</name>
         <load_address>0x992</load_address>
         <run_address>0x992</run_address>
         <size>0x8e</size>
         <input_file_ref idref="fl-ca"/>
      </object_component>
      <object_component id="oc-1a3">
         <name>.debug_frame</name>
         <load_address>0xa20</load_address>
         <run_address>0xa20</run_address>
         <size>0x7f</size>
         <input_file_ref idref="fl-ca"/>
      </object_component>
      <object_component id="oc-ee">
         <name>.debug_frame</name>
         <load_address>0xa9f</load_address>
         <run_address>0xa9f</run_address>
         <size>0x7f</size>
         <input_file_ref idref="fl-cb"/>
      </object_component>
      <object_component id="oc-e8">
         <name>.debug_frame</name>
         <load_address>0xb1e</load_address>
         <run_address>0xb1e</run_address>
         <size>0x7f</size>
         <input_file_ref idref="fl-cb"/>
      </object_component>
      <object_component id="oc-f4">
         <name>.debug_frame</name>
         <load_address>0xb9d</load_address>
         <run_address>0xb9d</run_address>
         <size>0x8e</size>
         <input_file_ref idref="fl-cb"/>
      </object_component>
      <object_component id="oc-18a">
         <name>.debug_frame</name>
         <load_address>0xc2b</load_address>
         <run_address>0xc2b</run_address>
         <size>0x7f</size>
         <input_file_ref idref="fl-cc"/>
      </object_component>
      <object_component id="oc-184">
         <name>.debug_frame</name>
         <load_address>0xcaa</load_address>
         <run_address>0xcaa</run_address>
         <size>0x7f</size>
         <input_file_ref idref="fl-cc"/>
      </object_component>
      <object_component id="oc-fa">
         <name>.debug_frame</name>
         <load_address>0xd29</load_address>
         <run_address>0xd29</run_address>
         <size>0x8a</size>
         <input_file_ref idref="fl-cc"/>
      </object_component>
      <object_component id="oc-d6">
         <name>.debug_frame</name>
         <load_address>0xdb3</load_address>
         <run_address>0xdb3</run_address>
         <size>0x7f</size>
         <input_file_ref idref="fl-cc"/>
      </object_component>
      <object_component id="oc-12a">
         <name>.debug_frame</name>
         <load_address>0xe32</load_address>
         <run_address>0xe32</run_address>
         <size>0x7f</size>
         <input_file_ref idref="fl-cc"/>
      </object_component>
      <object_component id="oc-16a">
         <name>.debug_abbrev</name>
         <load_address>0x0</load_address>
         <run_address>0x0</run_address>
         <size>0xcd</size>
         <input_file_ref idref="fl-1"/>
      </object_component>
      <object_component id="oc-12b">
         <name>.debug_abbrev</name>
         <load_address>0xcd</load_address>
         <run_address>0xcd</run_address>
         <size>0xa9</size>
         <input_file_ref idref="fl-1"/>
      </object_component>
      <object_component id="oc-6f">
         <name>.debug_abbrev</name>
         <load_address>0x176</load_address>
         <run_address>0x176</run_address>
         <size>0x69</size>
         <input_file_ref idref="fl-1"/>
      </object_component>
      <object_component id="oc-b1">
         <name>.debug_abbrev</name>
         <load_address>0x1df</load_address>
         <run_address>0x1df</run_address>
         <size>0x1f</size>
         <input_file_ref idref="fl-1"/>
      </object_component>
      <object_component id="oc-ac">
         <name>.debug_abbrev</name>
         <load_address>0x1fe</load_address>
         <run_address>0x1fe</run_address>
         <size>0x5c</size>
         <input_file_ref idref="fl-1"/>
      </object_component>
      <object_component id="oc-74">
         <name>.debug_abbrev</name>
         <load_address>0x25a</load_address>
         <run_address>0x25a</run_address>
         <size>0x24</size>
         <input_file_ref idref="fl-1"/>
      </object_component>
      <object_component id="oc-6b">
         <name>.debug_abbrev</name>
         <load_address>0x27e</load_address>
         <run_address>0x27e</run_address>
         <size>0x68</size>
         <input_file_ref idref="fl-2"/>
      </object_component>
      <object_component id="oc-2a">
         <name>.debug_abbrev</name>
         <load_address>0x2e6</load_address>
         <run_address>0x2e6</run_address>
         <size>0x29</size>
         <input_file_ref idref="fl-2"/>
      </object_component>
      <object_component id="oc-6a">
         <name>.debug_abbrev</name>
         <load_address>0x30f</load_address>
         <run_address>0x30f</run_address>
         <size>0x79</size>
         <input_file_ref idref="fl-2"/>
      </object_component>
      <object_component id="oc-35">
         <name>.debug_abbrev</name>
         <load_address>0x388</load_address>
         <run_address>0x388</run_address>
         <size>0x1f</size>
         <input_file_ref idref="fl-2"/>
      </object_component>
      <object_component id="oc-c1">
         <name>.debug_abbrev</name>
         <load_address>0x3a7</load_address>
         <run_address>0x3a7</run_address>
         <size>0x73</size>
         <input_file_ref idref="fl-bd"/>
      </object_component>
      <object_component id="oc-85">
         <name>.debug_abbrev</name>
         <load_address>0x41a</load_address>
         <run_address>0x41a</run_address>
         <size>0x6f</size>
         <input_file_ref idref="fl-bd"/>
      </object_component>
      <object_component id="oc-88">
         <name>.debug_abbrev</name>
         <load_address>0x489</load_address>
         <run_address>0x489</run_address>
         <size>0x24</size>
         <input_file_ref idref="fl-bd"/>
      </object_component>
      <object_component id="oc-be">
         <name>.debug_abbrev</name>
         <load_address>0x4ad</load_address>
         <run_address>0x4ad</run_address>
         <size>0x24</size>
         <input_file_ref idref="fl-bd"/>
      </object_component>
      <object_component id="oc-68">
         <name>.debug_abbrev</name>
         <load_address>0x4d1</load_address>
         <run_address>0x4d1</run_address>
         <size>0x29</size>
         <input_file_ref idref="fl-c0"/>
      </object_component>
      <object_component id="oc-a1">
         <name>.debug_abbrev</name>
         <load_address>0x4fa</load_address>
         <run_address>0x4fa</run_address>
         <size>0x61</size>
         <input_file_ref idref="fl-c0"/>
      </object_component>
      <object_component id="oc-1ff">
         <name>.debug_abbrev</name>
         <load_address>0x55b</load_address>
         <run_address>0x55b</run_address>
         <size>0xdb</size>
         <input_file_ref idref="fl-c3"/>
      </object_component>
      <object_component id="oc-1b9">
         <name>.debug_abbrev</name>
         <load_address>0x636</load_address>
         <run_address>0x636</run_address>
         <size>0x7e</size>
         <input_file_ref idref="fl-c3"/>
      </object_component>
      <object_component id="oc-203">
         <name>.debug_abbrev</name>
         <load_address>0x6b4</load_address>
         <run_address>0x6b4</run_address>
         <size>0x24</size>
         <input_file_ref idref="fl-c3"/>
      </object_component>
      <object_component id="oc-221">
         <name>.debug_abbrev</name>
         <load_address>0x6d8</load_address>
         <run_address>0x6d8</run_address>
         <size>0x24</size>
         <input_file_ref idref="fl-c3"/>
      </object_component>
      <object_component id="oc-208">
         <name>.debug_abbrev</name>
         <load_address>0x6fc</load_address>
         <run_address>0x6fc</run_address>
         <size>0x24</size>
         <input_file_ref idref="fl-c3"/>
      </object_component>
      <object_component id="oc-20d">
         <name>.debug_abbrev</name>
         <load_address>0x720</load_address>
         <run_address>0x720</run_address>
         <size>0x4b</size>
         <input_file_ref idref="fl-c3"/>
      </object_component>
      <object_component id="oc-c4">
         <name>.debug_abbrev</name>
         <load_address>0x76b</load_address>
         <run_address>0x76b</run_address>
         <size>0x55</size>
         <input_file_ref idref="fl-c4"/>
      </object_component>
      <object_component id="oc-1af">
         <name>.debug_abbrev</name>
         <load_address>0x7c0</load_address>
         <run_address>0x7c0</run_address>
         <size>0x45</size>
         <input_file_ref idref="fl-c6"/>
      </object_component>
      <object_component id="oc-1cf">
         <name>.debug_abbrev</name>
         <load_address>0x805</load_address>
         <run_address>0x805</run_address>
         <size>0x72</size>
         <input_file_ref idref="fl-c9"/>
      </object_component>
      <object_component id="oc-212">
         <name>.debug_abbrev</name>
         <load_address>0x877</load_address>
         <run_address>0x877</run_address>
         <size>0x27</size>
         <input_file_ref idref="fl-c9"/>
      </object_component>
      <object_component id="oc-214">
         <name>.debug_abbrev</name>
         <load_address>0x89e</load_address>
         <run_address>0x89e</run_address>
         <size>0x27</size>
         <input_file_ref idref="fl-c9"/>
      </object_component>
      <object_component id="oc-1ef">
         <name>.debug_abbrev</name>
         <load_address>0x8c5</load_address>
         <run_address>0x8c5</run_address>
         <size>0x27</size>
         <input_file_ref idref="fl-c9"/>
      </object_component>
      <object_component id="oc-177">
         <name>.debug_abbrev</name>
         <load_address>0x8ec</load_address>
         <run_address>0x8ec</run_address>
         <size>0x6c</size>
         <input_file_ref idref="fl-c9"/>
      </object_component>
      <object_component id="oc-1de">
         <name>.debug_abbrev</name>
         <load_address>0x958</load_address>
         <run_address>0x958</run_address>
         <size>0x6c</size>
         <input_file_ref idref="fl-c9"/>
      </object_component>
      <object_component id="oc-194">
         <name>.debug_abbrev</name>
         <load_address>0x9c4</load_address>
         <run_address>0x9c4</run_address>
         <size>0x6c</size>
         <input_file_ref idref="fl-c9"/>
      </object_component>
      <object_component id="oc-1ad">
         <name>.debug_abbrev</name>
         <load_address>0xa30</load_address>
         <run_address>0xa30</run_address>
         <size>0x6c</size>
         <input_file_ref idref="fl-c9"/>
      </object_component>
      <object_component id="oc-193">
         <name>.debug_abbrev</name>
         <load_address>0xa9c</load_address>
         <run_address>0xa9c</run_address>
         <size>0x7a</size>
         <input_file_ref idref="fl-c9"/>
      </object_component>
      <object_component id="oc-192">
         <name>.debug_abbrev</name>
         <load_address>0xb16</load_address>
         <run_address>0xb16</run_address>
         <size>0x6c</size>
         <input_file_ref idref="fl-c9"/>
      </object_component>
      <object_component id="oc-1ac">
         <name>.debug_abbrev</name>
         <load_address>0xb82</load_address>
         <run_address>0xb82</run_address>
         <size>0x6c</size>
         <input_file_ref idref="fl-c9"/>
      </object_component>
      <object_component id="oc-1e5">
         <name>.debug_abbrev</name>
         <load_address>0xbee</load_address>
         <run_address>0xbee</run_address>
         <size>0x6c</size>
         <input_file_ref idref="fl-c9"/>
      </object_component>
      <object_component id="oc-195">
         <name>.debug_abbrev</name>
         <load_address>0xc5a</load_address>
         <run_address>0xc5a</run_address>
         <size>0x6c</size>
         <input_file_ref idref="fl-c9"/>
      </object_component>
      <object_component id="oc-1a8">
         <name>.debug_abbrev</name>
         <load_address>0xcc6</load_address>
         <run_address>0xcc6</run_address>
         <size>0x7a</size>
         <input_file_ref idref="fl-c9"/>
      </object_component>
      <object_component id="oc-176">
         <name>.debug_abbrev</name>
         <load_address>0xd40</load_address>
         <run_address>0xd40</run_address>
         <size>0x6c</size>
         <input_file_ref idref="fl-c9"/>
      </object_component>
      <object_component id="oc-173">
         <name>.debug_abbrev</name>
         <load_address>0xdac</load_address>
         <run_address>0xdac</run_address>
         <size>0x6c</size>
         <input_file_ref idref="fl-c9"/>
      </object_component>
      <object_component id="oc-16c">
         <name>.debug_abbrev</name>
         <load_address>0xe18</load_address>
         <run_address>0xe18</run_address>
         <size>0x6c</size>
         <input_file_ref idref="fl-c9"/>
      </object_component>
      <object_component id="oc-16f">
         <name>.debug_abbrev</name>
         <load_address>0xe84</load_address>
         <run_address>0xe84</run_address>
         <size>0x35</size>
         <input_file_ref idref="fl-c9"/>
      </object_component>
      <object_component id="oc-218">
         <name>.debug_abbrev</name>
         <load_address>0xeb9</load_address>
         <run_address>0xeb9</run_address>
         <size>0x8e</size>
         <input_file_ref idref="fl-ca"/>
      </object_component>
      <object_component id="oc-21a">
         <name>.debug_abbrev</name>
         <load_address>0xf47</load_address>
         <run_address>0xf47</run_address>
         <size>0x27</size>
         <input_file_ref idref="fl-ca"/>
      </object_component>
      <object_component id="oc-216">
         <name>.debug_abbrev</name>
         <load_address>0xf6e</load_address>
         <run_address>0xf6e</run_address>
         <size>0x29</size>
         <input_file_ref idref="fl-ca"/>
      </object_component>
      <object_component id="oc-1e9">
         <name>.debug_abbrev</name>
         <load_address>0xf97</load_address>
         <run_address>0xf97</run_address>
         <size>0x6c</size>
         <input_file_ref idref="fl-ca"/>
      </object_component>
      <object_component id="oc-1ee">
         <name>.debug_abbrev</name>
         <load_address>0x1003</load_address>
         <run_address>0x1003</run_address>
         <size>0x6c</size>
         <input_file_ref idref="fl-ca"/>
      </object_component>
      <object_component id="oc-1d3">
         <name>.debug_abbrev</name>
         <load_address>0x106f</load_address>
         <run_address>0x106f</run_address>
         <size>0xb0</size>
         <input_file_ref idref="fl-cb"/>
      </object_component>
      <object_component id="oc-1da">
         <name>.debug_abbrev</name>
         <load_address>0x111f</load_address>
         <run_address>0x111f</run_address>
         <size>0x27</size>
         <input_file_ref idref="fl-cb"/>
      </object_component>
      <object_component id="oc-17a">
         <name>.debug_abbrev</name>
         <load_address>0x1146</load_address>
         <run_address>0x1146</run_address>
         <size>0x6e</size>
         <input_file_ref idref="fl-cb"/>
      </object_component>
      <object_component id="oc-178">
         <name>.debug_abbrev</name>
         <load_address>0x11b4</load_address>
         <run_address>0x11b4</run_address>
         <size>0x6c</size>
         <input_file_ref idref="fl-cb"/>
      </object_component>
      <object_component id="oc-17e">
         <name>.debug_abbrev</name>
         <load_address>0x1220</load_address>
         <run_address>0x1220</run_address>
         <size>0x60</size>
         <input_file_ref idref="fl-cb"/>
      </object_component>
      <object_component id="oc-1d7">
         <name>.debug_abbrev</name>
         <load_address>0x1280</load_address>
         <run_address>0x1280</run_address>
         <size>0x49</size>
         <input_file_ref idref="fl-cb"/>
      </object_component>
      <object_component id="oc-1d1">
         <name>.debug_abbrev</name>
         <load_address>0x12c9</load_address>
         <run_address>0x12c9</run_address>
         <size>0x72</size>
         <input_file_ref idref="fl-cc"/>
      </object_component>
      <object_component id="oc-1dd">
         <name>.debug_abbrev</name>
         <load_address>0x133b</load_address>
         <run_address>0x133b</run_address>
         <size>0x6c</size>
         <input_file_ref idref="fl-cc"/>
      </object_component>
      <object_component id="oc-1dc">
         <name>.debug_abbrev</name>
         <load_address>0x13a7</load_address>
         <run_address>0x13a7</run_address>
         <size>0x6c</size>
         <input_file_ref idref="fl-cc"/>
      </object_component>
      <object_component id="oc-18b">
         <name>.debug_abbrev</name>
         <load_address>0x1413</load_address>
         <run_address>0x1413</run_address>
         <size>0x7a</size>
         <input_file_ref idref="fl-cc"/>
      </object_component>
      <object_component id="oc-174">
         <name>.debug_abbrev</name>
         <load_address>0x148d</load_address>
         <run_address>0x148d</run_address>
         <size>0x6c</size>
         <input_file_ref idref="fl-cc"/>
      </object_component>
      <object_component id="oc-1ae">
         <name>.debug_abbrev</name>
         <load_address>0x14f9</load_address>
         <run_address>0x14f9</run_address>
         <size>0x6e</size>
         <input_file_ref idref="fl-cc"/>
      </object_component>
      <object_component id="oc-257">
         <name>.debug_abbrev</name>
         <load_address>0x1567</load_address>
         <run_address>0x1567</run_address>
         <size>0xf</size>
      </object_component>
      <object_component id="oc-71">
         <name>.debug_str</name>
         <load_address>0x0</load_address>
         <run_address>0x0</run_address>
         <size>0x2a6</size>
         <input_file_ref idref="fl-1"/>
      </object_component>
      <object_component id="oc-b3">
         <name>.debug_str</name>
         <load_address>0x2a6</load_address>
         <run_address>0x2a6</run_address>
         <size>0xfc</size>
         <input_file_ref idref="fl-1"/>
      </object_component>
      <object_component id="oc-ae">
         <name>.debug_str</name>
         <load_address>0x3a2</load_address>
         <run_address>0x3a2</run_address>
         <size>0x335</size>
         <input_file_ref idref="fl-1"/>
      </object_component>
      <object_component id="oc-76">
         <name>.debug_str</name>
         <load_address>0x6d7</load_address>
         <run_address>0x6d7</run_address>
         <size>0x13e</size>
         <input_file_ref idref="fl-1"/>
      </object_component>
      <object_component id="oc-37">
         <name>.debug_str</name>
         <load_address>0x815</load_address>
         <run_address>0x815</run_address>
         <size>0xfc</size>
         <input_file_ref idref="fl-2"/>
      </object_component>
      <object_component id="oc-8a">
         <name>.debug_str</name>
         <load_address>0x911</load_address>
         <run_address>0x911</run_address>
         <size>0xfa</size>
         <input_file_ref idref="fl-bd"/>
      </object_component>
      <object_component id="oc-c0">
         <name>.debug_str</name>
         <load_address>0xa0b</load_address>
         <run_address>0xa0b</run_address>
         <size>0x12d</size>
         <input_file_ref idref="fl-bd"/>
      </object_component>
      <object_component id="oc-205">
         <name>.debug_str</name>
         <load_address>0xb38</load_address>
         <run_address>0xb38</run_address>
         <size>0xe2</size>
         <input_file_ref idref="fl-c3"/>
      </object_component>
      <object_component id="oc-223">
         <name>.debug_str</name>
         <load_address>0xc1a</load_address>
         <run_address>0xc1a</run_address>
         <size>0x144</size>
         <input_file_ref idref="fl-c3"/>
      </object_component>
      <object_component id="oc-20a">
         <name>.debug_str</name>
         <load_address>0xd5e</load_address>
         <run_address>0xd5e</run_address>
         <size>0x13d</size>
         <input_file_ref idref="fl-c3"/>
      </object_component>
      <object_component id="oc-20f">
         <name>.debug_str</name>
         <load_address>0xe9b</load_address>
         <run_address>0xe9b</run_address>
         <size>0x184</size>
         <input_file_ref idref="fl-c3"/>
      </object_component>
      <object_component id="oc-171">
         <name>.debug_str</name>
         <load_address>0x101f</load_address>
         <run_address>0x101f</run_address>
         <size>0x241</size>
         <input_file_ref idref="fl-c9"/>
      </object_component>
      <object_component id="oc-1d9">
         <name>.debug_str</name>
         <load_address>0x1260</load_address>
         <run_address>0x1260</run_address>
         <size>0x141</size>
         <input_file_ref idref="fl-cb"/>
      </object_component>
      <object_component id="oc-9a">
         <name>.debug_aranges</name>
         <load_address>0x0</load_address>
         <run_address>0x0</run_address>
         <size>0x38</size>
         <input_file_ref idref="fl-1"/>
      </object_component>
      <object_component id="oc-26">
         <name>.debug_aranges</name>
         <load_address>0x38</load_address>
         <run_address>0x38</run_address>
         <size>0x38</size>
         <input_file_ref idref="fl-2"/>
      </object_component>
      <object_component id="oc-46">
         <name>.debug_aranges</name>
         <load_address>0x70</load_address>
         <run_address>0x70</run_address>
         <size>0x20</size>
         <input_file_ref idref="fl-bd"/>
      </object_component>
      <object_component id="oc-58">
         <name>.debug_aranges</name>
         <load_address>0x90</load_address>
         <run_address>0x90</run_address>
         <size>0x20</size>
         <input_file_ref idref="fl-c0"/>
      </object_component>
      <object_component id="oc-13a">
         <name>.debug_aranges</name>
         <load_address>0xb0</load_address>
         <run_address>0xb0</run_address>
         <size>0x20</size>
         <input_file_ref idref="fl-c3"/>
      </object_component>
      <object_component id="oc-94">
         <name>.debug_aranges</name>
         <load_address>0xd0</load_address>
         <run_address>0xd0</run_address>
         <size>0x20</size>
         <input_file_ref idref="fl-c4"/>
      </object_component>
      <object_component id="oc-12e">
         <name>.debug_aranges</name>
         <load_address>0xf0</load_address>
         <run_address>0xf0</run_address>
         <size>0x20</size>
         <input_file_ref idref="fl-c6"/>
      </object_component>
      <object_component id="oc-df">
         <name>.debug_aranges</name>
         <load_address>0x110</load_address>
         <run_address>0x110</run_address>
         <size>0x20</size>
         <input_file_ref idref="fl-c9"/>
      </object_component>
      <object_component id="oc-18e">
         <name>.debug_aranges</name>
         <load_address>0x130</load_address>
         <run_address>0x130</run_address>
         <size>0x20</size>
         <input_file_ref idref="fl-c9"/>
      </object_component>
      <object_component id="oc-109">
         <name>.debug_aranges</name>
         <load_address>0x150</load_address>
         <run_address>0x150</run_address>
         <size>0x20</size>
         <input_file_ref idref="fl-c9"/>
      </object_component>
      <object_component id="oc-121">
         <name>.debug_aranges</name>
         <load_address>0x170</load_address>
         <run_address>0x170</run_address>
         <size>0x20</size>
         <input_file_ref idref="fl-c9"/>
      </object_component>
      <object_component id="oc-103">
         <name>.debug_aranges</name>
         <load_address>0x190</load_address>
         <run_address>0x190</run_address>
         <size>0x20</size>
         <input_file_ref idref="fl-c9"/>
      </object_component>
      <object_component id="oc-fd">
         <name>.debug_aranges</name>
         <load_address>0x1b0</load_address>
         <run_address>0x1b0</run_address>
         <size>0x20</size>
         <input_file_ref idref="fl-c9"/>
      </object_component>
      <object_component id="oc-11b">
         <name>.debug_aranges</name>
         <load_address>0x1d0</load_address>
         <run_address>0x1d0</run_address>
         <size>0x20</size>
         <input_file_ref idref="fl-c9"/>
      </object_component>
      <object_component id="oc-198">
         <name>.debug_aranges</name>
         <load_address>0x1f0</load_address>
         <run_address>0x1f0</run_address>
         <size>0x20</size>
         <input_file_ref idref="fl-c9"/>
      </object_component>
      <object_component id="oc-10f">
         <name>.debug_aranges</name>
         <load_address>0x210</load_address>
         <run_address>0x210</run_address>
         <size>0x20</size>
         <input_file_ref idref="fl-c9"/>
      </object_component>
      <object_component id="oc-115">
         <name>.debug_aranges</name>
         <load_address>0x230</load_address>
         <run_address>0x230</run_address>
         <size>0x20</size>
         <input_file_ref idref="fl-c9"/>
      </object_component>
      <object_component id="oc-d9">
         <name>.debug_aranges</name>
         <load_address>0x250</load_address>
         <run_address>0x250</run_address>
         <size>0x20</size>
         <input_file_ref idref="fl-c9"/>
      </object_component>
      <object_component id="oc-cd">
         <name>.debug_aranges</name>
         <load_address>0x270</load_address>
         <run_address>0x270</run_address>
         <size>0x20</size>
         <input_file_ref idref="fl-c9"/>
      </object_component>
      <object_component id="oc-c7">
         <name>.debug_aranges</name>
         <load_address>0x290</load_address>
         <run_address>0x290</run_address>
         <size>0x20</size>
         <input_file_ref idref="fl-c9"/>
      </object_component>
      <object_component id="oc-19e">
         <name>.debug_aranges</name>
         <load_address>0x2b0</load_address>
         <run_address>0x2b0</run_address>
         <size>0x20</size>
         <input_file_ref idref="fl-ca"/>
      </object_component>
      <object_component id="oc-1a6">
         <name>.debug_aranges</name>
         <load_address>0x2d0</load_address>
         <run_address>0x2d0</run_address>
         <size>0x20</size>
         <input_file_ref idref="fl-ca"/>
      </object_component>
      <object_component id="oc-eb">
         <name>.debug_aranges</name>
         <load_address>0x2f0</load_address>
         <run_address>0x2f0</run_address>
         <size>0x20</size>
         <input_file_ref idref="fl-cb"/>
      </object_component>
      <object_component id="oc-e5">
         <name>.debug_aranges</name>
         <load_address>0x310</load_address>
         <run_address>0x310</run_address>
         <size>0x20</size>
         <input_file_ref idref="fl-cb"/>
      </object_component>
      <object_component id="oc-f1">
         <name>.debug_aranges</name>
         <load_address>0x330</load_address>
         <run_address>0x330</run_address>
         <size>0x20</size>
         <input_file_ref idref="fl-cb"/>
      </object_component>
      <object_component id="oc-187">
         <name>.debug_aranges</name>
         <load_address>0x350</load_address>
         <run_address>0x350</run_address>
         <size>0x20</size>
         <input_file_ref idref="fl-cc"/>
      </object_component>
      <object_component id="oc-181">
         <name>.debug_aranges</name>
         <load_address>0x370</load_address>
         <run_address>0x370</run_address>
         <size>0x20</size>
         <input_file_ref idref="fl-cc"/>
      </object_component>
      <object_component id="oc-f7">
         <name>.debug_aranges</name>
         <load_address>0x390</load_address>
         <run_address>0x390</run_address>
         <size>0x20</size>
         <input_file_ref idref="fl-cc"/>
      </object_component>
      <object_component id="oc-d3">
         <name>.debug_aranges</name>
         <load_address>0x3b0</load_address>
         <run_address>0x3b0</run_address>
         <size>0x20</size>
         <input_file_ref idref="fl-cc"/>
      </object_component>
      <object_component id="oc-127">
         <name>.debug_aranges</name>
         <load_address>0x3d0</load_address>
         <run_address>0x3d0</run_address>
         <size>0x20</size>
         <input_file_ref idref="fl-cc"/>
      </object_component>
      <object_component id="oc-9b">
         <name>.debug_pubnames</name>
         <load_address>0x0</load_address>
         <run_address>0x0</run_address>
         <size>0x43</size>
         <input_file_ref idref="fl-1"/>
      </object_component>
      <object_component id="oc-11">
         <name>.debug_pubnames</name>
         <load_address>0x43</load_address>
         <run_address>0x43</run_address>
         <size>0x23</size>
         <input_file_ref idref="fl-2"/>
      </object_component>
      <object_component id="oc-27">
         <name>.debug_pubnames</name>
         <load_address>0x66</load_address>
[...]
            <object_component_ref idref="oc-35"/>
            <object_component_ref idref="oc-c1"/>
            <object_component_ref idref="oc-85"/>
            <object_component_ref idref="oc-88"/>
            <object_component_ref idref="oc-be"/>
            <object_component_ref idref="oc-68"/>
            <object_component_ref idref="oc-a1"/>
            <object_component_ref idref="oc-1ff"/>
            <object_component_ref idref="oc-1b9"/>
            <object_component_ref idref="oc-203"/>
            <object_component_ref idref="oc-221"/>
            <object_component_ref idref="oc-208"/>
            <object_component_ref idref="oc-20d"/>
            <object_component_ref idref="oc-c4"/>
            <object_component_ref idref="oc-1af"/>
            <object_component_ref idref="oc-1cf"/>
            <object_component_ref idref="oc-212"/>
            <object_component_ref idref="oc-214"/>
            <object_component_ref idref="oc-1ef"/>
            <object_component_ref idref="oc-177"/>
            <object_component_ref idref="oc-1de"/>
            <object_component_ref idref="oc-194"/>
            <object_component_ref idref="oc-1ad"/>
            <object_component_ref idref="oc-193"/>
            <object_component_ref idref="oc-192"/>
            <object_component_ref idref="oc-1ac"/>
            <object_component_ref idref="oc-1e5"/>
            <object_component_ref idref="oc-195"/>
            <object_component_ref idref="oc-1a8"/>
            <object_component_ref idref="oc-176"/>
            <object_component_ref idref="oc-173"/>
            <object_component_ref idref="oc-16c"/>
            <object_component_ref idref="oc-16f"/>
            <object_component_ref idref="oc-218"/>
            <object_component_ref idref="oc-21a"/>
            <object_component_ref idref="oc-216"/>
            <object_component_ref idref="oc-1e9"/>
            <object_component_ref idref="oc-1ee"/>
            <object_component_ref idref="oc-1d3"/>
            <object_component_ref idref="oc-1da"/>
            <object_component_ref idref="oc-17a"/>
            <object_component_ref idref="oc-178"/>
            <object_component_ref idref="oc-17e"/>
            <object_component_ref idref="oc-1d7"/>
            <object_component_ref idref="oc-1d1"/>
            <object_component_ref idref="oc-1dd"/>
            <object_component_ref idref="oc-1dc"/>
            <object_component_ref idref="oc-18b"/>
            <object_component_ref idref="oc-174"/>
            <object_component_ref idref="oc-1ae"/>
            <object_component_ref idref="oc-257"/>
         </contents>
      </logical_group>
      <logical_group id="lg-242" display="never" color="cyan">
         <name>.debug_str</name>
         <load_address>0x0</load_address>
         <run_address>0x0</run_address>
         <size>0x13a1</size>
         <contents>
            <object_component_ref idref="oc-71"/>
            <object_component_ref idref="oc-b3"/>
            <object_component_ref idref="oc-ae"/>
            <object_component_ref idref="oc-76"/>
            <object_component_ref idref="oc-37"/>
            <object_component_ref idref="oc-8a"/>
            <object_component_ref idref="oc-c0"/>
            <object_component_ref idref="oc-205"/>
            <object_component_ref idref="oc-223"/>
            <object_component_ref idref="oc-20a"/>
            <object_component_ref idref="oc-20f"/>
            <object_component_ref idref="oc-171"/>
            <object_component_ref idref="oc-1d9"/>
         </contents>
      </logical_group>
      <logical_group id="lg-244" display="never" color="cyan">
         <name>.debug_aranges</name>
         <load_address>0x0</load_address>
         <run_address>0x0</run_address>
         <size>0x3f0</size>
         <contents>
            <object_component_ref idref="oc-9a"/>
            <object_component_ref idref="oc-26"/>
            <object_component_ref idref="oc-46"/>
            <object_component_ref idref="oc-58"/>
            <object_component_ref idref="oc-13a"/>
            <object_component_ref idref="oc-94"/>
            <object_component_ref idref="oc-12e"/>
            <object_component_ref idref="oc-df"/>
            <object_component_ref idref="oc-18e"/>
            <object_component_ref idref="oc-109"/>
            <object_component_ref idref="oc-121"/>
            <object_component_ref idref="oc-103"/>
            <object_component_ref idref="oc-fd"/>
            <object_component_ref idref="oc-11b"/>
            <object_component_ref idref="oc-198"/>
            <object_component_ref idref="oc-10f"/>
            <object_component_ref idref="oc-115"/>
            <object_component_ref idref="oc-d9"/>
            <object_component_ref idref="oc-cd"/>
            <object_component_ref idref="oc-c7"/>
            <object_component_ref idref="oc-19e"/>
            <object_component_ref idref="oc-1a6"/>
            <object_component_ref idref="oc-eb"/>
            <object_component_ref idref="oc-e5"/>
            <object_component_ref idref="oc-f1"/>
            <object_component_ref idref="oc-187"/>
            <object_component_ref idref="oc-181"/>
            <object_component_ref idref="oc-f7"/>
            <object_component_ref idref="oc-d3"/>
            <object_component_ref idref="oc-127"/>
         </contents>
      </logical_group>
      <logical_group id="lg-246" display="never" color="cyan">
         <name>.debug_pubnames</name>
         <load_address>0x0</load_address>
         <run_address>0x0</run_address>
         <size>0x64d</size>
         <contents>
            <object_component_ref idref="oc-9b"/>
            <object_component_ref idref="oc-11"/>
            <object_component_ref idref="oc-27"/>
            <object_component_ref idref="oc-47"/>
            <object_component_ref idref="oc-23"/>
            <object_component_ref idref="oc-59"/>
            <object_component_ref idref="oc-13b"/>
            <object_component_ref idref="oc-95"/>
            <object_component_ref idref="oc-12f"/>
            <object_component_ref idref="oc-1e1"/>
            <object_component_ref idref="oc-1e4"/>
            <object_component_ref idref="oc-1ab"/>
            <object_component_ref idref="oc-e0"/>
            <object_component_ref idref="oc-18f"/>
            <object_component_ref idref="oc-10a"/>
            <object_component_ref idref="oc-122"/>
            <object_component_ref idref="oc-104"/>
            <object_component_ref idref="oc-fe"/>
            <object_component_ref idref="oc-11c"/>
            <object_component_ref idref="oc-199"/>
            <object_component_ref idref="oc-110"/>
            <object_component_ref idref="oc-116"/>
            <object_component_ref idref="oc-da"/>
            <object_component_ref idref="oc-ce"/>
            <object_component_ref idref="oc-c8"/>
            <object_component_ref idref="oc-1ed"/>
            <object_component_ref idref="oc-1e8"/>
            <object_component_ref idref="oc-19f"/>
            <object_component_ref idref="oc-1a5"/>
            <object_component_ref idref="oc-17d"/>
            <object_component_ref idref="oc-ec"/>
            <object_component_ref idref="oc-e6"/>
            <object_component_ref idref="oc-f2"/>
            <object_component_ref idref="oc-188"/>
            <object_component_ref idref="oc-182"/>
            <object_component_ref idref="oc-f8"/>
            <object_component_ref idref="oc-d4"/>
            <object_component_ref idref="oc-128"/>
         </contents>
      </logical_group>
      <logical_group id="lg-248" display="never" color="cyan">
         <name>.debug_pubtypes</name>
         <load_address>0x0</load_address>
         <run_address>0x0</run_address>
         <size>0xb48</size>
         <contents>
            <object_component_ref idref="oc-6e"/>
            <object_component_ref idref="oc-b0"/>
            <object_component_ref idref="oc-ab"/>
            <object_component_ref idref="oc-73"/>
            <object_component_ref idref="oc-34"/>
            <object_component_ref idref="oc-87"/>
            <object_component_ref idref="oc-bd"/>
            <object_component_ref idref="oc-202"/>
            <object_component_ref idref="oc-220"/>
            <object_component_ref idref="oc-207"/>
            <object_component_ref idref="oc-20c"/>
            <object_component_ref idref="oc-16e"/>
            <object_component_ref idref="oc-1d6"/>
         </contents>
      </logical_group>
      <load_segment id="lg-25c" display="no" color="cyan">
         <name>SEGMENT_0</name>
         <load_address>0x0</load_address>
         <run_address>0x0</run_address>
         <size>0xce4</size>
         <flags>0x5</flags>
         <contents>
            <logical_group_ref idref="lg-3"/>
            <logical_group_ref idref="lg-4"/>
            <logical_group_ref idref="lg-5"/>
            <logical_group_ref idref="lg-6"/>
         </contents>
      </load_segment>
      <load_segment id="lg-25d" display="no" color="cyan">
         <name>SEGMENT_1</name>
         <run_address>0x20000000</run_address>
         <size>0x470</size>
         <flags>0x6</flags>
         <contents>
            <logical_group_ref idref="lg-9"/>
            <logical_group_ref idref="lg-d"/>
         </contents>
      </load_segment>
   </logical_group_list>
   <placement_map>
      <memory_area display="yes" color="green">
         <name>FLASH</name>
         <page_id>0x0</page_id>
         <origin>0x0</origin>
         <length>0x40000</length>
         <used_space>0xce0</used_space>
         <unused_space>0x3f320</unused_space>
         <attributes>RX</attributes>
         <usage_details>
            <allocated_space>
               <start_address>0x0</start_address>
               <size>0x26c</size>
               <logical_group_ref idref="lg-3"/>
            </allocated_space>
            <allocated_space>
               <start_address>0x26c</start_address>
               <size>0x75c</size>
               <logical_group_ref idref="lg-4"/>
            </allocated_space>
            <allocated_space>
               <start_address>0x9c8</start_address>
               <size>0x304</size>
               <logical_group_ref idref="lg-5"/>
            </allocated_space>
            <available_space>
               <start_address>0xccc</start_address>
               <size>0x4</size>
            </available_space>
            <allocated_space>
               <start_address>0xcd0</start_address>
               <size>0x14</size>
               <logical_group_ref idref="lg-6"/>
            </allocated_space>
            <available_space>
               <start_address>0xce4</start_address>
               <size>0x3f31c</size>
            </available_space>
         </usage_details>
      </memory_area>
      <memory_area display="yes" color="green">
         <name>SRAM</name>
         <page_id>0x0</page_id>
         <origin>0x20000000</origin>
         <length>0x8000</length>
         <used_space>0x46c</used_space>
         <unused_space>0x7b94</unused_space>
         <attributes>RWX</attributes>
         <usage_details>
            <allocated_space>
               <start_address>0x20000000</start_address>
               <size>0x26c</size>
               <logical_group_ref idref="lg-9"/>
            </allocated_space>
            <available_space>
               <start_address>0x2000026c</start_address>
               <size>0x4</size>
            </available_space>
            <allocated_space>
               <start_address>0x20000270</start_address>
               <size>0x200</size>
               <logical_group_ref idref="lg-d"/>
            </allocated_space>
            <available_space>
               <start_address>0x20000470</start_address>
               <size>0x7b90</size>
            </available_space>
         </usage_details>
      </memory_area>
   </placement_map>
   <cptbl_list>
      <cptbl>
         <name>__TI_cinit_table</name>
         <cprec>
            <name>.vtable</name>
            <load_address>0xcd0</load_address>
            <load_size>0x8</load_size>
            <run_address>0x20000000</run_address>
            <run_size>0x26c</run_size>
            <compression>zero_init</compression>
         </cprec>
      </cptbl>
   </cptbl_list>
   <handler_table>
      <handler_table_name>__TI_handler_table</handler_table_name>
      <handler>
         <index>0x0</index>
         <name>__TI_zero_init</name>
      </handler>
   </handler_table>
   <symbol_table>
      <symbol id="sm-1">
         <name>__STACK_TOP</name>
         <value>0x20000470</value>
      </symbol>
      <symbol id="sm-2">
         <name>__TI_CINIT_Base</name>
         <value>0xcdc</value>
      </symbol>
      <symbol id="sm-3">
         <name>__TI_CINIT_Limit</name>
         <value>0xce4</value>
      </symbol>
      <symbol id="sm-4">
         <name>__TI_Handler_Table_Base</name>
         <value>0xcd8</value>
      </symbol>
      <symbol id="sm-5">
         <name>__TI_Handler_Table_Limit</name>
         <value>0xcdc</value>
      </symbol>
      <symbol id="sm-6">
         <name>binit</name>
         <value>0xffffffff</value>
      </symbol>
      <symbol id="sm-7">
         <name>__binit__</name>
         <value>0xffffffff</value>
      </symbol>
      <symbol id="sm-8">
         <name>__STACK_SIZE</name>
         <value>0x200</value>
      </symbol>
      <symbol id="sm-9">
         <name>__STACK_END</name>
         <value>0x20000470</value>
      </symbol>
      <symbol id="sm-a">
         <name>__c_args__</name>
         <value>0xffffffff</value>
      </symbol>
      <symbol id="sm-b">
         <name>__TI_pprof_out_hndl</name>
         <value>0xffffffff</value>
      </symbol>
      <symbol id="sm-c">
         <name>__TI_prof_data_start</name>
         <value>0xffffffff</value>
      </symbol>
      <symbol id="sm-d">
         <name>__TI_prof_data_size</name>
         <value>0xffffffff</value>
      </symbol>
      <symbol id="sm-58">
         <name>main</name>
         <value>0x2f7</value>
         <object_component_ref idref="oc-98"/>
      </symbol>
      <symbol id="sm-59">
         <name>delay</name>
         <value>0x26d</value>
         <object_component_ref idref="oc-98"/>
      </symbol>
      <symbol id="sm-5a">
         <name>blink</name>
         <value>0x2d7</value>
         <object_component_ref idref="oc-98"/>
      </symbol>
      <symbol id="sm-5b">
         <name>PortAIntHandler</name>
         <value>0x2af</value>
         <object_component_ref idref="oc-98"/>
      </symbol>
      <symbol id="sm-7c">
         <name>ResetISR</name>
         <value>0x995</value>
         <object_component_ref idref="oc-24"/>
      </symbol>
      <symbol id="sm-7d">
         <name>g_pfnVectors</name>
         <value>0x0</value>
         <object_component_ref idref="oc-f"/>
      </symbol>
      <symbol id="sm-96">
         <name>__TI_zero_init_nomemset</name>
         <value>0x969</value>
         <object_component_ref idref="oc-44"/>
      </symbol>
      <symbol id="sm-ab">
         <name>__stack</name>
         <value>0x20000270</value>
         <object_component_ref idref="oc-21"/>
      </symbol>
      <symbol id="sm-ac">
         <name>_c_int00_noargs</name>
         <value>0x815</value>
         <object_component_ref idref="oc-56"/>
      </symbol>
      <symbol id="sm-d6">
         <name>__TI_auto_init_nobinit_nopinit</name>
         <value>0x799</value>
         <object_component_ref idref="oc-138"/>
      </symbol>
      <symbol id="sm-e0">
         <name>_system_pre_init</name>
         <value>0x9c1</value>
         <object_component_ref idref="oc-92"/>
      </symbol>
      <symbol id="sm-ec">
         <name>C$$EXIT</name>
         <value>0x9c5</value>
         <object_component_ref idref="oc-12c"/>
      </symbol>
      <symbol id="sm-ed">
         <name>abort</name>
         <value>0x9c5</value>
         <object_component_ref idref="oc-12c"/>
      </symbol>
      <symbol id="sm-185">
         <name>GPIOIntRegister</name>
         <value>0x901</value>
         <object_component_ref idref="oc-113"/>
      </symbol>
      <symbol id="sm-186">
         <name>GPIOPinConfigure</name>
         <value>0x6c5</value>
         <object_component_ref idref="oc-119"/>
      </symbol>
      <symbol id="sm-187">
         <name>GPIOIntDisable</name>
         <value>0x97b</value>
         <object_component_ref idref="oc-cb"/>
      </symbol>
      <symbol id="sm-188">
         <name>GPIOIntEnable</name>
         <value>0x989</value>
         <object_component_ref idref="oc-d7"/>
      </symbol>
      <symbol id="sm-189">
         <name>GPIOIntTypeSet</name>
         <value>0x66d</value>
         <object_component_ref idref="oc-10d"/>
      </symbol>
      <symbol id="sm-18a">
         <name>GPIOPinTypeGPIOInput</name>
         <value>0x945</value>
         <object_component_ref idref="oc-fb"/>
      </symbol>
      <symbol id="sm-18b">
         <name>GPIOIntClear</name>
         <value>0x9b5</value>
         <object_component_ref idref="oc-c5"/>
      </symbol>
      <symbol id="sm-18c">
         <name>GPIOPinTypeUART</name>
         <value>0x957</value>
         <object_component_ref idref="oc-11f"/>
      </symbol>
      <symbol id="sm-18d">
         <name>GPIOPinTypeGPIOOutput</name>
         <value>0x919</value>
         <object_component_ref idref="oc-101"/>
      </symbol>
      <symbol id="sm-18e">
         <name>GPIODirModeSet</name>
         <value>0x8b5</value>
         <object_component_ref idref="oc-18c"/>
      </symbol>
      <symbol id="sm-18f">
         <name>GPIOPinWrite</name>
         <value>0x9bb</value>
         <object_component_ref idref="oc-dd"/>
      </symbol>
      <symbol id="sm-190">
         <name>GPIOPadConfigSet</name>
         <value>0x3c1</value>
         <object_component_ref idref="oc-107"/>
      </symbol>
      <symbol id="sm-1c9">
         <name>IntEnable</name>
         <value>0x605</value>
         <object_component_ref idref="oc-1a2"/>
      </symbol>
      <symbol id="sm-1ca">
         <name>IntRegister</name>
         <value>0x84d</value>
         <object_component_ref idref="oc-19c"/>
      </symbol>
      <symbol id="sm-1cb">
         <name>g_pfnRAMVectors</name>
         <value>0x20000000</value>
         <object_component_ref idref="oc-1e6"/>
      </symbol>
      <symbol id="sm-210">
         <name>SysCtlPeripheralEnable</name>
         <value>0x881</value>
         <object_component_ref idref="oc-e3"/>
      </symbol>
      <symbol id="sm-211">
         <name>SysCtlClockGet</name>
         <value>0x4f5</value>
         <object_component_ref idref="oc-ef"/>
      </symbol>
      <symbol id="sm-212">
         <name>SysCtlPeripheralReady</name>
         <value>0x7dd</value>
         <object_component_ref idref="oc-e9"/>
      </symbol>
      <symbol id="sm-245">
         <name>UARTConfigSetExpClk</name>
         <value>0x70d</value>
         <object_component_ref idref="oc-f5"/>
      </symbol>
      <symbol id="sm-246">
         <name>UARTDisable</name>
         <value>0x8e1</value>
         <object_component_ref idref="oc-17f"/>
      </symbol>
      <symbol id="sm-247">
         <name>UARTCharPut</name>
         <value>0x9ab</value>
         <object_component_ref idref="oc-d1"/>
      </symbol>
      <symbol id="sm-248">
         <name>UARTEnable</name>
         <value>0x931</value>
         <object_component_ref idref="oc-185"/>
      </symbol>
      <symbol id="sm-249">
         <name>UARTCharGet</name>
         <value>0x9a1</value>
         <object_component_ref idref="oc-125"/>
      </symbol>
      <symbol id="sm-24b">
         <name>__TI_static_base__</name>
         <value>0x0</value>
      </symbol>
      <symbol id="sm-24d">
         <name>__mpu_init</name>
         <value>0x0</value>
      </symbol>
      <symbol id="sm-24e">
         <name>_system_post_cinit</name>
         <value>0x0</value>
      </symbol>
   </symbol_table>
   <title>Link successful</title>
</link_info>
